Archive member included to satisfy reference by file (symbol)

c:/programdata/matlab/supportpackages/r2023b/3p.instrset/gnuarm-armcortex.instrset/win/bin/../lib/gcc/arm-none-eabi/11.3.1/thumb/v7e-m+fp/hard\libm.a(libm_a-w_fmod.o)
                              xcp_ext_common.o (fmod)
c:/programdata/matlab/supportpackages/r2023b/3p.instrset/gnuarm-armcortex.instrset/win/bin/../lib/gcc/arm-none-eabi/11.3.1/thumb/v7e-m+fp/hard\libm.a(libm_a-s_ceil.o)
                              Narnia_PIL.o (ceil)
c:/programdata/matlab/supportpackages/r2023b/3p.instrset/gnuarm-armcortex.instrset/win/bin/../lib/gcc/arm-none-eabi/11.3.1/thumb/v7e-m+fp/hard\libm.a(libm_a-s_floor.o)
                              Narnia_PIL.o (floor)
c:/programdata/matlab/supportpackages/r2023b/3p.instrset/gnuarm-armcortex.instrset/win/bin/../lib/gcc/arm-none-eabi/11.3.1/thumb/v7e-m+fp/hard\libm.a(libm_a-e_fmod.o)
                              c:/programdata/matlab/supportpackages/r2023b/3p.instrset/gnuarm-armcortex.instrset/win/bin/../lib/gcc/arm-none-eabi/11.3.1/thumb/v7e-m+fp/hard\libm.a(libm_a-w_fmod.o) (__ieee754_fmod)
c:/programdata/matlab/supportpackages/r2023b/3p.instrset/gnuarm-armcortex.instrset/win/bin/../lib/gcc/arm-none-eabi/11.3.1/thumb/v7e-m+fp/hard\libgcc.a(_arm_muldf3.o)
                              Narnia_PIL.o (__aeabi_dmul)
c:/programdata/matlab/supportpackages/r2023b/3p.instrset/gnuarm-armcortex.instrset/win/bin/../lib/gcc/arm-none-eabi/11.3.1/thumb/v7e-m+fp/hard\libgcc.a(_arm_addsubdf3.o)
                              Narnia_PIL.o (__aeabi_dsub)
c:/programdata/matlab/supportpackages/r2023b/3p.instrset/gnuarm-armcortex.instrset/win/bin/../lib/gcc/arm-none-eabi/11.3.1/thumb/v7e-m+fp/hard\libgcc.a(_arm_muldivdf3.o)
                              xcp_ext_common.o (__aeabi_ddiv)
c:/programdata/matlab/supportpackages/r2023b/3p.instrset/gnuarm-armcortex.instrset/win/bin/../lib/gcc/arm-none-eabi/11.3.1/thumb/v7e-m+fp/hard\libgcc.a(_arm_cmpdf2.o)
                              xcp_ext_mode.o (__aeabi_dcmpeq)
c:/programdata/matlab/supportpackages/r2023b/3p.instrset/gnuarm-armcortex.instrset/win/bin/../lib/gcc/arm-none-eabi/11.3.1/thumb/v7e-m+fp/hard\libgcc.a(_arm_unorddf2.o)
                              c:/programdata/matlab/supportpackages/r2023b/3p.instrset/gnuarm-armcortex.instrset/win/bin/../lib/gcc/arm-none-eabi/11.3.1/thumb/v7e-m+fp/hard\libm.a(libm_a-w_fmod.o) (__aeabi_dcmpun)
c:/programdata/matlab/supportpackages/r2023b/3p.instrset/gnuarm-armcortex.instrset/win/bin/../lib/gcc/arm-none-eabi/11.3.1/thumb/v7e-m+fp/hard\libgcc.a(_arm_fixunsdfsi.o)
                              Narnia_PIL.o (__aeabi_d2uiz)
c:/programdata/matlab/supportpackages/r2023b/3p.instrset/gnuarm-armcortex.instrset/win/bin/../lib/gcc/arm-none-eabi/11.3.1/thumb/v7e-m+fp/hard\libgcc.a(_arm_truncdfsf2.o)
                              Narnia_PIL.o (__aeabi_d2f)
c:/programdata/matlab/supportpackages/r2023b/3p.instrset/gnuarm-armcortex.instrset/win/bin/../lib/gcc/arm-none-eabi/11.3.1/thumb/v7e-m+fp/hard\libg_nano.a(libc_a-exit.o)
                              c:/programdata/matlab/supportpackages/r2023b/3p.instrset/gnuarm-armcortex.instrset/win/bin/../lib/gcc/arm-none-eabi/11.3.1/thumb/v7e-m+fp/hard/crt0.o (exit)
c:/programdata/matlab/supportpackages/r2023b/3p.instrset/gnuarm-armcortex.instrset/win/bin/../lib/gcc/arm-none-eabi/11.3.1/thumb/v7e-m+fp/hard\libg_nano.a(libc_a-findfp.o)
                              c:/programdata/matlab/supportpackages/r2023b/3p.instrset/gnuarm-armcortex.instrset/win/bin/../lib/gcc/arm-none-eabi/11.3.1/thumb/v7e-m+fp/hard\libg_nano.a(libc_a-exit.o) (__stdio_exit_handler)
c:/programdata/matlab/supportpackages/r2023b/3p.instrset/gnuarm-armcortex.instrset/win/bin/../lib/gcc/arm-none-eabi/11.3.1/thumb/v7e-m+fp/hard\libg_nano.a(libc_a-fwalk.o)
                              c:/programdata/matlab/supportpackages/r2023b/3p.instrset/gnuarm-armcortex.instrset/win/bin/../lib/gcc/arm-none-eabi/11.3.1/thumb/v7e-m+fp/hard\libg_nano.a(libc_a-findfp.o) (_fwalk_sglue)
c:/programdata/matlab/supportpackages/r2023b/3p.instrset/gnuarm-armcortex.instrset/win/bin/../lib/gcc/arm-none-eabi/11.3.1/thumb/v7e-m+fp/hard\libg_nano.a(libc_a-stdio.o)
                              c:/programdata/matlab/supportpackages/r2023b/3p.instrset/gnuarm-armcortex.instrset/win/bin/../lib/gcc/arm-none-eabi/11.3.1/thumb/v7e-m+fp/hard\libg_nano.a(libc_a-findfp.o) (__sread)
c:/programdata/matlab/supportpackages/r2023b/3p.instrset/gnuarm-armcortex.instrset/win/bin/../lib/gcc/arm-none-eabi/11.3.1/thumb/v7e-m+fp/hard\libg_nano.a(libc_a-memset.o)
                              c:/programdata/matlab/supportpackages/r2023b/3p.instrset/gnuarm-armcortex.instrset/win/bin/../lib/gcc/arm-none-eabi/11.3.1/thumb/v7e-m+fp/hard/crt0.o (memset)
c:/programdata/matlab/supportpackages/r2023b/3p.instrset/gnuarm-armcortex.instrset/win/bin/../lib/gcc/arm-none-eabi/11.3.1/thumb/v7e-m+fp/hard\libg_nano.a(libc_a-closer.o)
[...]
Memory Configuration

Name             Origin             Length             Attributes
RAM              0x20000000         0x00028000         xrw
RAM2             0x10000000         0x00008000         xrw
FLASH            0x08000000         0x00080000         xr
*default*        0x00000000         0xffffffff

Linker script and memory map

LOAD c:/programdata/matlab/supportpackages/r2023b/3p.instrset/gnuarm-armcortex.instrset/win/bin/../lib/gcc/arm-none-eabi/11.3.1/thumb/v7e-m+fp/hard/crti.o
LOAD c:/programdata/matlab/supportpackages/r2023b/3p.instrset/gnuarm-armcortex.instrset/win/bin/../lib/gcc/arm-none-eabi/11.3.1/thumb/v7e-m+fp/hard/crtbegin.o
LOAD c:/programdata/matlab/supportpackages/r2023b/3p.instrset/gnuarm-armcortex.instrset/win/bin/../lib/gcc/arm-none-eabi/11.3.1/thumb/v7e-m+fp/hard/crt0.o
LOAD stm_timer_ll.o
LOAD xcp_ext_mode.o
LOAD Narnia_PIL.o
LOAD Narnia_PIL_data.o
LOAD ert_main.o
LOAD xcp_ext_common.o
LOAD xcp_ext_classic_trigger.o
LOAD xcp.o
LOAD xcp_standard.o
LOAD xcp_daq.o
LOAD xcp_calibration.o
LOAD xcp_fifo.o
LOAD xcp_transport.o
LOAD xcp_mem_default.o
LOAD xcp_drv_rtiostream.o
LOAD xcp_utils.o
LOAD xcp_frame_serial.o
LOAD xcp_ext_param_default_serial.o
LOAD overrideHALDelay.o
LOAD platform_timer.o
LOAD SysTickScheduler.o
LOAD m3m4m4f_multitasking.o
LOAD rtiostream_serial.o
LOAD stm_usart.o
LOAD stm_lpuart.o
LOAD sys_arch.o
LOAD main.o
LOAD stm32l4xx_it.o
LOAD stm32l4xx_hal_msp.o
LOAD stm32l4xx_hal_timebase_tim.o
LOAD stm32l4xx_ll_utils.o
LOAD stm32l4xx_ll_exti.o
LOAD stm32l4xx_ll_gpio.o
LOAD stm32l4xx_ll_dma.o
LOAD stm32l4xx_hal_tim.o
LOAD stm32l4xx_hal_tim_ex.o
LOAD stm32l4xx_ll_tim.o
LOAD stm32l4xx_hal.o
LOAD stm32l4xx_hal_rcc.o
LOAD stm32l4xx_hal_rcc_ex.o
LOAD stm32l4xx_hal_flash.o
LOAD stm32l4xx_hal_flash_ex.o
LOAD stm32l4xx_hal_flash_ramfunc.o
LOAD stm32l4xx_hal_gpio.o
LOAD stm32l4xx_hal_i2c.o
LOAD stm32l4xx_hal_i2c_ex.o
LOAD stm32l4xx_hal_dma.o
LOAD stm32l4xx_hal_dma_ex.o
LOAD stm32l4xx_hal_pwr.o
LOAD stm32l4xx_hal_pwr_ex.o
LOAD stm32l4xx_hal_cortex.o
LOAD stm32l4xx_hal_exti.o
LOAD stm32l4xx_ll_usart.o
LOAD stm32l4xx_ll_rcc.o
LOAD system_stm32l4xx.o
LOAD syscalls.o
LOAD sysmem.o
LOAD startup_stm32l452retx.o
LOAD C:/ProgramData/MATLAB/SupportPackages/R2023b/3P.instrset/cmsis_dsp.instrset/Lib/GCC/arm_cortexm4ldfsp_math/libCMSISDSP.a
LOAD c:/programdata/matlab/supportpackages/r2023b/3p.instrset/gnuarm-armcortex.instrset/win/bin/../lib/gcc/arm-none-eabi/11.3.1/thumb/v7e-m+fp/hard\libstdc++_nano.a
LOAD c:/programdata/matlab/supportpackages/r2023b/3p.instrset/gnuarm-armcortex.instrset/win/bin/../lib/gcc/arm-none-eabi/11.3.1/thumb/v7e-m+fp/hard\libm.a
START GROUP
LOAD c:/programdata/matlab/supportpackages/r2023b/3p.instrset/gnuarm-armcortex.instrset/win/bin/../lib/gcc/arm-none-eabi/11.3.1/thumb/v7e-m+fp/hard\libgcc.a
LOAD c:/programdata/matlab/supportpackages/r2023b/3p.instrset/gnuarm-armcortex.instrset/win/bin/../lib/gcc/arm-none-eabi/11.3.1/thumb/v7e-m+fp/hard\libg_nano.a
LOAD c:/programdata/matlab/supportpackages/r2023b/3p.instrset/gnuarm-armcortex.instrset/win/bin/../lib/gcc/arm-none-eabi/11.3.1/thumb/v7e-m+fp/hard\libc_nano.a
END GROUP
START GROUP
LOAD c:/programdata/matlab/supportpackages/r2023b/3p.instrset/gnuarm-armcortex.instrset/win/bin/../lib/gcc/arm-none-eabi/11.3.1/thumb/v7e-m+fp/hard\libgcc.a
LOAD c:/programdata/matlab/supportpackages/r2023b/3p.instrset/gnuarm-armcortex.instrset/win/bin/../lib/gcc/arm-none-eabi/11.3.1/thumb/v7e-m+fp/hard\libc_nano.a
LOAD c:/programdata/matlab/supportpackages/r2023b/3p.instrset/gnuarm-armcortex.instrset/win/bin/../lib/gcc/arm-none-eabi/11.3.1/thumb/v7e-m+fp/hard\libnosys.a
END GROUP
START GROUP
LOAD c:/programdata/matlab/supportpackages/r2023b/3p.instrset/gnuarm-armcortex.instrset/win/bin/../lib/gcc/arm-none-eabi/11.3.1/thumb/v7e-m+fp/hard\libgcc.a
LOAD c:/programdata/matlab/supportpackages/r2023b/3p.instrset/gnuarm-armcortex.instrset/win/bin/../lib/gcc/arm-none-eabi/11.3.1/thumb/v7e-m+fp/hard\libc_nano.a
LOAD c:/programdata/matlab/supportpackages/r2023b/3p.instrset/gnuarm-armcortex.instrset/win/bin/../lib/gcc/arm-none-eabi/11.3.1/thumb/v7e-m+fp/hard\libnosys.a
END GROUP
LOAD c:/programdata/matlab/supportpackages/r2023b/3p.instrset/gnuarm-armcortex.instrset/win/bin/../lib/gcc/arm-none-eabi/11.3.1/thumb/v7e-m+fp/hard/crtend.o
LOAD c:/programdata/matlab/supportpackages/r2023b/3p.instrset/gnuarm-armcortex.instrset/win/bin/../lib/gcc/arm-none-eabi/11.3.1/thumb/v7e-m+fp/hard/crtn.o
                0x20028000                _estack = (ORIGIN (RAM) + LENGTH (RAM))
                0x00000200                _Min_Heap_Size = 0x200
                0x00000400                _Min_Stack_Size = 0x400

.isr_vector     0x08000000      0x194
                0x08000000                . = ALIGN (0x4)
 *(.isr_vector)
 .isr_vector    0x08000000      0x194 startup_stm32l452retx.o
                0x08000000                g_pfnVectors
                0x08000194                . = ALIGN (0x4)

.text           0x08000198     0xcaec
                0x08000198                . = ALIGN (0x4)
 *(.text)
 .text          0x08000198      0x378 c:/programdata/matlab/supportpackages/r2023b/3p.instrset/gnuarm-armcortex.instrset/win/bin/../lib/gcc/arm-none-eabi/11.3.1/thumb/v7e-m+fp/hard\libgcc.a(_arm_addsubdf3.o)
                0x08000198                __aeabi_drsub
                0x080001a0                __aeabi_dsub
                0x080001a0                __subdf3
                0x080001a4                __aeabi_dadd
                0x080001a4                __adddf3
                0x0800041c                __floatunsidf
                0x0800041c                __aeabi_ui2d
                0x0800043c                __floatsidf
                0x0800043c                __aeabi_i2d
                0x08000460                __aeabi_f2d
                0x08000460                __extendsfdf2
                0x080004a4                __floatundidf
                0x080004a4                __aeabi_ul2d
                0x080004b4                __floatdidf
                0x080004b4                __aeabi_l2d
 .text          0x08000510      0x424 c:/programdata/matlab/supportpackages/r2023b/3p.instrset/gnuarm-armcortex.instrset/win/bin/../lib/gcc/arm-none-eabi/11.3.1/thumb/v7e-m+fp/hard\libgcc.a(_arm_muldivdf3.o)
                0x08000510                __aeabi_dmul
                0x08000510                __muldf3
                0x08000764                __divdf3
                0x08000764                __aeabi_ddiv
 .text          0x08000934      0x110 c:/programdata/matlab/supportpackages/r2023b/3p.instrset/gnuarm-armcortex.instrset/win/bin/../lib/gcc/arm-none-eabi/11.3.1/thumb/v7e-m+fp/hard\libgcc.a(_arm_cmpdf2.o)
                0x08000934                __gtdf2
                0x08000934                __gedf2
                0x0800093c                __ltdf2
                0x0800093c                __ledf2
                0x08000944                __nedf2
                0x08000944                __eqdf2
                0x08000944                __cmpdf2
                0x080009c0                __aeabi_cdrcmple
                0x080009d0                __aeabi_cdcmpeq
                0x080009d0                __aeabi_cdcmple
                0x080009e0                __aeabi_dcmpeq
                0x080009f4                __aeabi_dcmplt
                0x08000a08                __aeabi_dcmple
                0x08000a1c                __aeabi_dcmpge
                0x08000a30                __aeabi_dcmpgt
 .text          0x08000a44       0x2c c:/programdata/matlab/supportpackages/r2023b/3p.instrset/gnuarm-armcortex.instrset/win/bin/../lib/gcc/arm-none-eabi/11.3.1/thumb/v7e-m+fp/hard\libgcc.a(_arm_unorddf2.o)
                0x08000a44                __unorddf2
                0x08000a44                __aeabi_dcmpun
 .text          0x08000a70       0x40 c:/programdata/matlab/supportpackages/r2023b/3p.instrset/gnuarm-armcortex.instrset/win/bin/../lib/gcc/arm-none-eabi/11.3.1/thumb/v7e-m+fp/hard\libgcc.a(_arm_fixunsdfsi.o)
                0x08000a70                __aeabi_d2uiz
                0x08000a70                __fixunsdfsi
 .text          0x08000ab0       0xa0 c:/programdata/matlab/supportpackages/r2023b/3p.instrset/gnuarm-armcortex.instrset/win/bin/../lib/gcc/arm-none-eabi/11.3.1/thumb/v7e-m+fp/hard\libgcc.a(_arm_truncdfsf2.o)
                0x08000ab0                __truncdfsf2
                0x08000ab0                __aeabi_d2f
 *(.text*)
 .text.deregister_tm_clones
                0x08000b50       0x1c c:/programdata/matlab/supportpackages/r2023b/3p.instrset/gnuarm-armcortex.instrset/win/bin/../lib/gcc/arm-none-eabi/11.3.1/thumb/v7e-m+fp/hard/crtbegin.o
 .text.register_tm_clones
                0x08000b6c       0x24 c:/programdata/matlab/supportpackages/r2023b/3p.instrset/gnuarm-armcortex.instrset/win/bin/../lib/gcc/arm-none-eabi/11.3.1/thumb/v7e-m+fp/hard/crtbegin.o
 .text.__do_global_dtors_aux
                0x08000b90       0x28 c:/programdata/matlab/supportpackages/r2023b/3p.instrset/gnuarm-armcortex.instrset/win/bin/../lib/gcc/arm-none-eabi/11.3.1/thumb/v7e-m+fp/hard/crtbegin.o
 .text.frame_dummy
                0x08000bb8       0x24 c:/programdata/matlab/supportpackages/r2023b/3p.instrset/gnuarm-armcortex.instrset/win/bin/../lib/gcc/arm-none-eabi/11.3.1/thumb/v7e-m+fp/hard/crtbegin.o
 .text.LL_TIM_GetCounterMode
                0x08000bdc       0x30 stm_timer_ll.o
 .text.LL_TIM_GetRepetitionCounter
                0x08000c0c       0x18 stm_timer_ll.o
 .text.LL_TIM_CC_EnableChannel
                0x08000c24       0x22 stm_timer_ll.o
 .text.LL_TIM_CC_DisableChannel
                0x08000c46       0x24 stm_timer_ll.o
 .text.LL_TIM_EnableAllOutputs
                0x08000c6a       0x20 stm_timer_ll.o
 .text.LL_TIM_EnableIT_UPDATE
                0x08000c8a       0x20 stm_timer_ll.o
 .text.LL_TIM_DisableIT_UPDATE
                0x08000caa       0x20 stm_timer_ll.o
 .text.LL_TIM_IsEnabledIT_UPDATE
                0x08000cca       0x26 stm_timer_ll.o
 .text.LL_TIM_EnableIT_CC1
                0x08000cf0       0x20 stm_timer_ll.o
 .text.LL_TIM_DisableIT_CC1
                0x08000d10       0x20 stm_timer_ll.o
 .text.LL_TIM_IsEnabledIT_CC1
                0x08000d30       0x26 stm_timer_ll.o
 .text.LL_TIM_EnableIT_CC2
                0x08000d56       0x20 stm_timer_ll.o
 .text.LL_TIM_DisableIT_CC2
                0x08000d76       0x20 stm_timer_ll.o
 .text.LL_TIM_IsEnabledIT_CC2
                0x08000d96       0x26 stm_timer_ll.o
 .text.LL_TIM_EnableIT_CC3
                0x08000dbc       0x20 stm_timer_ll.o
 .text.LL_TIM_DisableIT_CC3
                0x08000ddc       0x20 stm_timer_ll.o
 .text.LL_TIM_IsEnabledIT_CC3
                0x08000dfc       0x26 stm_timer_ll.o
 .text.LL_TIM_EnableIT_CC4
                0x08000e22       0x20 stm_timer_ll.o
 .text.LL_TIM_DisableIT_CC4
                0x08000e42       0x20 stm_timer_ll.o
 .text.LL_TIM_IsEnabledIT_CC4
                0x08000e62       0x26 stm_timer_ll.o
 .text.LL_TIM_EnableIT_COM
                0x08000e88       0x20 stm_timer_ll.o
 .text.LL_TIM_DisableIT_COM
                0x08000ea8       0x20 stm_timer_ll.o
 .text.LL_TIM_IsEnabledIT_COM
                0x08000ec8       0x26 stm_timer_ll.o
 .text.LL_TIM_EnableIT_TRIG
                0x08000eee       0x20 stm_timer_ll.o
 .text.LL_TIM_DisableIT_TRIG
                0x08000f0e       0x20 stm_timer_ll.o
 .text.LL_TIM_IsEnabledIT_TRIG
                0x08000f2e       0x26 stm_timer_ll.o
 .text.LL_TIM_EnableIT_BRK
                0x08000f54       0x20 stm_timer_ll.o
 .text.LL_TIM_DisableIT_BRK
                0x08000f74       0x20 stm_timer_ll.o
 .text.LL_TIM_IsEnabledIT_BRK
                0x08000f94       0x26 stm_timer_ll.o
 .text.enableTimerInterrupts
                0x08000fba      0x134 stm_timer_ll.o
                0x08000fba                enableTimerInterrupts
 .text.disableTimerInterrupts
                0x080010ee      0x134 stm_timer_ll.o
                0x080010ee                disableTimerInterrupts
 *fill*         0x08001222        0x2 
 .text.enableTimerChannel1
                0x08001224       0x84 stm_timer_ll.o
                0x08001224                enableTimerChannel1
 .text.disableTimerChannel1
                0x080012a8       0x84 stm_timer_ll.o
                0x080012a8                disableTimerChannel1
 .text.Timer_Handle_Init
                0x0800132c       0xbc stm_timer_ll.o
                0x0800132c                Timer_Handle_Init
 .text.checkFrequencyAndDutyCycleLimits
                0x080013e8       0x34 stm_timer_ll.o
                0x080013e8                checkFrequencyAndDutyCycleLimits
 .text.extmodeParseArgs
                0x0800141c       0x1e xcp_ext_mode.o
                0x0800141c                extmodeParseArgs
 *fill*         0x0800143a        0x2 
 .text.extmodeInit
                0x0800143c      0x128 xcp_ext_mode.o
                0x0800143c                extmodeInit
 .text.extmodeWaitForHostRequest
                0x08001564       0xcc xcp_ext_mode.o
                0x08001564                extmodeWaitForHostRequest
 .text.extmodeEvent
                0x08001630      0x100 xcp_ext_mode.o
                0x08001630                extmodeEvent
 .text.extmodeBackgroundRun
                0x08001730       0x20 xcp_ext_mode.o
                0x08001730                extmodeBackgroundRun
 .text.extmodeReset
                0x08001750       0x40 xcp_ext_mode.o
                0x08001750                extmodeReset
 .text.extmodeStopRequested
                0x08001790       0x18 xcp_ext_mode.o
                0x08001790                extmodeStopRequested
 .text.extmodeSimulationComplete
                0x080017a8       0x18 xcp_ext_mode.o
                0x080017a8                extmodeSimulationComplete
 .text.LL_TIM_EnableCounter
                0x080017c0       0x20 Narnia_PIL.o
 .text.LL_TIM_DisableCounter
                0x080017e0       0x20 Narnia_PIL.o
 .text.LL_TIM_SetUpdateSource
                0x08001800       0x26 Narnia_PIL.o
 .text.LL_TIM_GetUpdateSource
                0x08001826       0x1c Narnia_PIL.o
 .text.LL_TIM_SetAutoReload
                0x08001842       0x1c Narnia_PIL.o
 .text.LL_TIM_GetAutoReload
                0x0800185e       0x18 Narnia_PIL.o
 .text.LL_TIM_SetRepetitionCounter
                0x08001876       0x1c Narnia_PIL.o
 .text.LL_TIM_OC_SetCompareCH1
                0x08001892       0x1c Narnia_PIL.o
 .text.LL_TIM_OC_GetCompareCH1
                0x080018ae       0x18 Narnia_PIL.o
 .text.LL_TIM_GenerateEvent_UPDATE
                0x080018c6       0x20 Narnia_PIL.o
 *fill*         0x080018e6        0x2 
 .text.convertDutyCyclePercentageToCounts
                0x080018e8       0x88 Narnia_PIL.o
 .text.setFrequencyAccToInput
                0x08001970       0x30 Narnia_PIL.o
 .text.setDutyCycleChannel1
                0x080019a0       0x30 Narnia_PIL.o
 .text.setDutyCycleInPercentageChannel1
                0x080019d0       0x28 Narnia_PIL.o
 .text.isSlaveTriggerModeEnabled
                0x080019f8       0x30 Narnia_PIL.o
 .text.enableCounter
                0x08001a28       0xd0 Narnia_PIL.o
 .text.disableCounter
                0x08001af8       0x1a Narnia_PIL.o
 *fill*         0x08001b12        0x2 
 .text.rt_roundd_snf
                0x08001b14       0xe0 Narnia_PIL.o
                0x08001b14                rt_roundd_snf
 .text.Narnia_PIL_SystemCore_setup
                0x08001bf4       0x76 Narnia_PIL.o
 *fill*         0x08001c6a        0x2 
 .text.Narnia_PIL_step
                0x08001c6c       0xd4 Narnia_PIL.o
                0x08001c6c                Narnia_PIL_step
 .text.Narnia_PIL_initialize
                0x08001d40       0xb0 Narnia_PIL.o
                0x08001d40                Narnia_PIL_initialize
 .text.Narnia_PIL_terminate
                0x08001df0       0x4c Narnia_PIL.o
                0x08001df0                Narnia_PIL_terminate
 .text.rt_OneStep
                0x08001e3c       0x78 ert_main.o
                0x08001e3c                rt_OneStep
 .text.main     0x08001eb4      0x184 ert_main.o
                0x08001eb4                main
 .text.xcp_void_printf
                0x08002038       0x12 xcp_ext_common.o
                0x08002038                xcp_void_printf
 .text.xcpCopyTimeValue
                0x0800204a       0x26 xcp_ext_common.o
 .text.xcpExtModeUpdateTime
                0x08002070      0x13c xcp_ext_common.o
                0x08002070                xcpExtModeUpdateTime
 *fill*         0x080021ac        0x4 
 .text.xcpExtModeGetUpdatedTimestamp
                0x080021b0       0x84 xcp_ext_common.o
                0x080021b0                xcpExtModeGetUpdatedTimestamp
 .text.xcpExtModeInit
                0x08002234       0x9c xcp_ext_common.o
                0x08002234                xcpExtModeInit
 .text.xcpExtModeRunBackground
                0x080022d0      0x13c xcp_ext_common.o
                0x080022d0                xcpExtModeRunBackground
 .text.xcpExtModeReset
                0x0800240c      0x128 xcp_ext_common.o
                0x0800240c                xcpExtModeReset
 .text.sampleSignalTrigger
                0x08002534      0x1b4 xcp_ext_classic_trigger.o
 .text.updateTriggerStatus
                0x080026e8      0x2b8 xcp_ext_classic_trigger.o
 .text.xcpExtModeClassicTriggerInit
                0x080029a0       0x68 xcp_ext_classic_trigger.o
                0x080029a0                xcpExtModeClassicTriggerInit
 .text.xcpExtModeClassicTriggerEnabled
                0x08002a08      0x100 xcp_ext_classic_trigger.o
                0x08002a08                xcpExtModeClassicTriggerEnabled
 .text.xcpExtModeClassicTriggerReset
                0x08002b08       0xf4 xcp_ext_classic_trigger.o
                0x08002b08                xcpExtModeClassicTriggerReset
 .text.xcpExtModeClassicTriggerForceEnableStatusUpdate
                0x08002bfc       0x80 xcp_ext_classic_trigger.o
                0x08002bfc                xcpExtModeClassicTriggerForceEnableStatusUpdate
 .text.msgBufferRealloc
                0x08002c7c       0x72 xcp.o
 *fill*         0x08002cee        0x2 
 .text.discardInputPacketHandler
                0x08002cf0       0x3c xcp.o
 .text.unknownInputPacketHandler
                0x08002d2c       0x34 xcp.o
 .text.xcpGetPacketGroupID
                0x08002d60       0x74 xcp.o
 .text.xcpGetPacketHandlers
                0x08002dd4      0x124 xcp.o
 .text.xcpStatusSet
                0x08002ef8       0x20 xcp.o
                0x08002ef8                xcpStatusSet
 .text.xcpSessionStatusGet
                0x08002f18       0x18 xcp.o
                0x08002f18                xcpSessionStatusGet
 .text.xcpSessionStatusSetMask
                0x08002f30       0x28 xcp.o
                0x08002f30                xcpSessionStatusSetMask
 .text.xcpSessionStatusClearMask
                0x08002f58       0x34 xcp.o
                0x08002f58                xcpSessionStatusClearMask
 .text.xcpResourceProtectionStatusGet
                0x08002f8c       0x18 xcp.o
                0x08002f8c                xcpResourceProtectionStatusGet
 .text.xcpSessionConfigurationIdGet
                0x08002fa4       0x18 xcp.o
                0x08002fa4                xcpSessionConfigurationIdGet
 .text.genericOutputPacketHandler
                0x08002fbc      0x110 xcp.o
                0x08002fbc                genericOutputPacketHandler
 .text.xcpFindPacket
                0x080030cc       0x6e xcp.o
                0x080030cc                xcpFindPacket
 *fill*         0x0800313a        0x2 
 .text.xcpInit  0x0800313c       0x64 xcp.o
                0x0800313c                xcpInit
 .text.xcpRun   0x080031a0      0x194 xcp.o
                0x080031a0                xcpRun
 .text.xcpEventExternalTimestamp
                0x08003334       0x48 xcp.o
                0x08003334                xcpEventExternalTimestamp
 .text.xcpGetStatus
                0x0800337c       0x18 xcp.o
                0x0800337c                xcpGetStatus
 .text.xcpReset
                0x08003394       0x40 xcp.o
                0x08003394                xcpReset
 .text.xcpPackedModeEventsFlush
                0x080033d4       0x1e xcp.o
                0x080033d4                xcpPackedModeEventsFlush
 .text.xcpPackedModeEventReset
                0x080033f2       0x2a xcp.o
                0x080033f2                xcpPackedModeEventReset
 .text.isValidUploadSize
                0x0800341c       0x30 xcp_standard.o
 .text.xcpMemcpyFromMTA
                0x0800344c       0x38 xcp_standard.o
 .text.connectInputPacketHandler
                0x08003484       0xa4 xcp_standard.o
 .text.connectOutputPacketHandler
                0x08003528       0xd4 xcp_standard.o
 .text.disconnectInputPacketHandler
                0x080035fc       0x54 xcp_standard.o
 .text.getStatusInputPacketHandler
                0x08003650       0x28 xcp_standard.o
 .text.getStatusOutputPacketHandler
                0x08003678       0x80 xcp_standard.o
 .text.synchInputPacketHandler
                0x080036f8       0x44 xcp_standard.o
 .text.setMTAInputPacketHandler
                0x0800373c       0x78 xcp_standard.o
 .text.uploadInputPacketHandler
                0x080037b4       0x98 xcp_standard.o
 .text.uploadOutputPacketHandler
                0x0800384c       0x9c xcp_standard.o
 .text.shortUploadInputPacketHandler
                0x080038e8       0xa4 xcp_standard.o
 .text.shortUploadOutputPacketHandler
                0x0800398c       0x9c xcp_standard.o
 .text.getPacket
                0x08003a28       0x24 xcp_standard.o
 .text.xcpStandardInit
                0x08003a4c       0x18 xcp_standard.o
                0x08003a4c                xcpStandardInit
 .text.xcpStandardGetPacketLookup
                0x08003a64       0x18 xcp_standard.o
                0x08003a64                xcpStandardGetPacketLookup
 .text.xcpStandardSetPacketLookup
                0x08003a7c       0x20 xcp_standard.o
                0x08003a7c                xcpStandardSetPacketLookup
 .text.xcpStandardReset
                0x08003a9c       0x12 xcp_standard.o
                0x08003a9c                xcpStandardReset
 *fill*         0x08003aae        0x2 
 .text.xcpStandardGetAddressFromMta
                0x08003ab0       0x18 xcp_standard.o
                0x08003ab0                xcpStandardGetAddressFromMta
 .text.xcpStandardSetMta
                0x08003ac8       0x3c xcp_standard.o
                0x08003ac8                xcpStandardSetMta
 .text.xcpStandardIncrementMta
                0x08003b04       0x28 xcp_standard.o
                0x08003b04                xcpStandardIncrementMta
 .text.xcpStandardExtendedInit
                0x08003b2c        0xe xcp_standard.o
                0x08003b2c                xcpStandardExtendedInit
 .text.xcpStandardExtendedReset
                0x08003b3a        0xe xcp_standard.o
                0x08003b3a                xcpStandardExtendedReset
 .text.xcpDaqWriteLock
                0x08003b48       0x4c xcp_daq.o
 .text.xcpDaqWriteUnlock
                0x08003b94       0x20 xcp_daq.o
 .text.xcpDaqReadLock
                0x08003bb4       0x38 xcp_daq.o
 .text.xcpDaqReadUnlock
                0x08003bec       0x38 xcp_daq.o
 .text.isActiveDaqList
                0x08003c24       0x50 xcp_daq.o
 .text.noActiveDaqLists
                0x08003c74       0x50 xcp_daq.o
 .text.isValidDaqPtr
                0x08003cc4       0xb8 xcp_daq.o
 .text.isValidDaqEntry
                0x08003d7c       0x36 xcp_daq.o
 .text.isSupportedDaqListMode
                0x08003db2       0x26 xcp_daq.o
 .text.isValidStartStopMode
                0x08003dd8       0x32 xcp_daq.o
 .text.isValidStartStopSynchMode
                0x08003e0a       0x32 xcp_daq.o
 .text.absoluteOdtNumberIdentification
                0x08003e3c       0x10 xcp_daq.o
 .text.isDaqPackedModeEnabled
                0x08003e4c       0x6c xcp_daq.o
 .text.odtPacketSize
                0x08003eb8       0x54 xcp_daq.o
 .text.createDaqReservedPool
                0x08003f0c       0x8a xcp_daq.o
 .text.destroyDaqReservedPool
                0x08003f96       0x2c xcp_daq.o
 *fill*         0x08003fc2        0x2 
 .text.setDaqPtrInputPacketHandler
                0x08003fc4       0xdc xcp_daq.o
 .text.writeDaqInputPacketHandler
                0x080040a0      0x198 xcp_daq.o
 .text.setDaqListModeInputPacketHandler
                0x08004238      0x1c8 xcp_daq.o
 .text.startStopDaqListInputPacketHandler
                0x08004400      0x3f4 xcp_daq.o
 .text.startStopDaqListOutputPacketHandler
                0x080047f4       0x5c xcp_daq.o
 .text.startStopSynchInputPacketHandler
                0x08004850      0x328 xcp_daq.o
 .text.getDaqProcessorInfoInputPacketHandler
                0x08004b78       0x28 xcp_daq.o
 .text.getDaqProcessorInfoOutputPacketHandler
                0x08004ba0       0xac xcp_daq.o
 .text.getDaqResolutionInfoInputPacketHandler
                0x08004c4c       0x28 xcp_daq.o
 .text.getDaqResolutionInfoOutputPacketHandler
                0x08004c74       0xb8 xcp_daq.o
 .text.freeDaqInputPacketHandler
                0x08004d2c       0x5c xcp_daq.o
 .text.allocDaqInputPacketHandler
                0x08004d88      0x18c xcp_daq.o
 .text.allocOdtInputPacketHandler
                0x08004f14      0x1c0 xcp_daq.o
 .text.allocOdtEntryInputPacketHandler
                0x080050d4      0x270 xcp_daq.o
 .text.setDaqPackedModeInputPacketHandler
                0x08005344      0x21c xcp_daq.o
 .text.level1CommandInputPacketHandler
                0x08005560       0x64 xcp_daq.o
 .text.getPacket
                0x080055c4       0x24 xcp_daq.o
 .text.xcpDaqInit
                0x080055e8       0x38 xcp_daq.o
                0x080055e8                xcpDaqInit
 .text.xcpDaqGetPacketLookup
                0x08005620       0x18 xcp_daq.o
                0x08005620                xcpDaqGetPacketLookup
 .text.xcpDaqSetPacketLookup
                0x08005638       0x20 xcp_daq.o
                0x08005638                xcpDaqSetPacketLookup
 .text.xcpResetDaq
                0x08005658       0xa4 xcp_daq.o
 .text.daqWriteXCPDataForOdt
                0x080056fc       0x7c xcp_daq.o
 .text.odtWriteEntries
                0x08005778       0x9c xcp_daq.o
 .text.xcpProcessDaq
                0x08005814      0x208 xcp_daq.o
 .text.xcpDaqEvent
                0x08005a1c      0x108 xcp_daq.o
                0x08005a1c                xcpDaqEvent
 .text.xcpDaqEventsFlush
                0x08005b24      0x284 xcp_daq.o
                0x08005b24                xcpDaqEventsFlush
 .text.xcpDaqLock
                0x08005da8       0x1e xcp_daq.o
                0x08005da8                xcpDaqLock
 .text.xcpDaqUnlock
                0x08005dc6        0xe xcp_daq.o
                0x08005dc6                xcpDaqUnlock
 .text.xcpResetDaqListStatus
                0x08005dd4      0x19c xcp_daq.o
                0x08005dd4                xcpResetDaqListStatus
 .text.xcpDaqReset
                0x08005f70       0x20 xcp_daq.o
                0x08005f70                xcpDaqReset
 .text.xcpDaqExtendedInit
                0x08005f90        0xe xcp_daq.o
                0x08005f90                xcpDaqExtendedInit
 .text.xcpDaqExtendedReset
                0x08005f9e        0xe xcp_daq.o
                0x08005f9e                xcpDaqExtendedReset
 .text.isValidShortDownloadSize
                0x08005fac       0x34 xcp_calibration.o
 .text.isValidDownloadSize
                0x08005fe0       0x3a xcp_calibration.o
 *fill*         0x0800601a        0x2 
 .text.xcpMemcpyToMTA
                0x0800601c       0x34 xcp_calibration.o
 .text.downloadInputPacketHandler
                0x08006050       0xb0 xcp_calibration.o
 .text.shortDownloadInputPacketHandler
                0x08006100       0xb8 xcp_calibration.o
 .text.getPacket
                0x080061b8       0x24 xcp_calibration.o
 .text.xcpCalibrationInit
                0x080061dc       0x14 xcp_calibration.o
                0x080061dc                xcpCalibrationInit
 .text.xcpCalibrationGetPacketLookup
                0x080061f0       0x18 xcp_calibration.o
                0x080061f0                xcpCalibrationGetPacketLookup
 .text.xcpCalibrationSetPacketLookup
                0x08006208       0x20 xcp_calibration.o
                0x08006208                xcpCalibrationSetPacketLookup
 .text.xcpCalibrationReset
                0x08006228        0xe xcp_calibration.o
                0x08006228                xcpCalibrationReset
 .text.xcpFifoInit
                0x08006236       0x20 xcp_fifo.o
                0x08006236                xcpFifoInit
 .text.xcpFifoEnqueue
                0x08006256       0x2a xcp_fifo.o
                0x08006256                xcpFifoEnqueue
 .text.xcpFifoDequeue
                0x08006280       0x3e xcp_fifo.o
                0x08006280                xcpFifoDequeue
 .text.xcpFifoEnqueueHead
                0x080062be       0x32 xcp_fifo.o
                0x080062be                xcpFifoEnqueueHead
 .text.xcpFifoReset
                0x080062f0       0x16 xcp_fifo.o
                0x080062f0                xcpFifoReset
 *fill*         0x08006306        0x2 
 .text.xcpTransportEmptyTxFifo
                0x08006308       0x6c xcp_transport.o
 .text.xcpTransportEmptyRxFifo
                0x08006374       0x6c xcp_transport.o
 .text.xcpTransportInit
                0x080063e0      0x138 xcp_transport.o
                0x080063e0                xcpTransportInit
 .text.xcpTransportTxReady
                0x08006518       0x1a xcp_transport.o
                0x08006518                xcpTransportTxReady
 .text.xcpTransportTxTrigger
                0x08006532       0x1a xcp_transport.o
                0x08006532                xcpTransportTxTrigger
 .text.xcpTransportTxPacketSet
                0x0800654c      0x144 xcp_transport.o
                0x0800654c                xcpTransportTxPacketSet
 .text.xcpTransportTx
                0x08006690       0xec xcp_transport.o
                0x08006690                xcpTransportTx
 .text.xcpTransportRx
                0x0800677c       0x80 xcp_transport.o
                0x0800677c                xcpTransportRx
 .text.xcpTransportRxPacketGet
                0x080067fc      0x12c xcp_transport.o
                0x080067fc                xcpTransportRxPacketGet
 .text.xcpTransportPacketOffset
                0x08006928       0x20 xcp_transport.o
                0x08006928                xcpTransportPacketOffset
 .text.xcpTransportMsgBufferSize
                0x08006948       0x70 xcp_transport.o
                0x08006948                xcpTransportMsgBufferSize
 .text.xcpTransportMaxDtoSize
                0x080069b8        0xe xcp_transport.o
                0x080069b8                xcpTransportMaxDtoSize
 .text.xcpTransportMaxCtoSize
                0x080069c6        0xe xcp_transport.o
                0x080069c6                xcpTransportMaxCtoSize
 .text.xcpTransportRestart
                0x080069d4       0x44 xcp_transport.o
                0x080069d4                xcpTransportRestart
 .text.xcpTransportResynch
                0x08006a18       0x40 xcp_transport.o
                0x08006a18                xcpTransportResynch
 .text.xcpTransportCtoReservedMemPoolId
                0x08006a58       0x18 xcp_transport.o
                0x08006a58                xcpTransportCtoReservedMemPoolId
 .text.xcpTransportReset
                0x08006a70       0xe4 xcp_transport.o
                0x08006a70                xcpTransportReset
 .text.xcpInitializePoolMemoryArea
                0x08006b54       0x72 xcp_mem_default.o
 *fill*         0x08006bc6        0x2 
 .text.xcpMemInit
                0x08006bc8      0x1d4 xcp_mem_default.o
                0x08006bc8                xcpMemInit
 .text.xcpMemAlloc
                0x08006d9c       0xe8 xcp_mem_default.o
                0x08006d9c                xcpMemAlloc
 .text.xcpMemFree
                0x08006e84      0x170 xcp_mem_default.o
                0x08006e84                xcpMemFree
 .text.xcpMemReservedPoolCreate
                0x08006ff4      0x224 xcp_mem_default.o
                0x08006ff4                xcpMemReservedPoolCreate
 .text.xcpMemReservedPoolDestroy
                0x08007218      0x158 xcp_mem_default.o
                0x08007218                xcpMemReservedPoolDestroy
 .text.xcpMemCustomPoolCreate
                0x08007370       0xbc xcp_mem_default.o
                0x08007370                xcpMemCustomPoolCreate
 .text.xcpMemCustomPoolDestroy
                0x0800742c       0x64 xcp_mem_default.o
                0x0800742c                xcpMemCustomPoolDestroy
 .text.xcpMemAllocFromPool
                0x08007490      0x170 xcp_mem_default.o
                0x08007490                xcpMemAllocFromPool
 .text.xcpMemReset
                0x08007600       0x50 xcp_mem_default.o
                0x08007600                xcpMemReset
 .text.xcpDrvOpen
                0x08007650       0x64 xcp_drv_rtiostream.o
                0x08007650                xcpDrvOpen
 .text.xcpDrvIoctl
                0x080076b4       0x4c xcp_drv_rtiostream.o
                0x080076b4                xcpDrvIoctl
 .text.xcpDrvSend
                0x08007700      0x14c xcp_drv_rtiostream.o
                0x08007700                xcpDrvSend
 .text.xcpDrvRecv
                0x0800784c      0x14c xcp_drv_rtiostream.o
                0x0800784c                xcpDrvRecv
 .text.xcpDrvClose
                0x08007998       0x5c xcp_drv_rtiostream.o
                0x08007998                xcpDrvClose
 .text.xcpSortArray
                0x080079f4       0xcc xcp_utils.o
                0x080079f4                xcpSortArray
 .text.xcpSxiHtons
                0x08007ac0       0x18 xcp_frame_serial.o
 .text.xcpSxiNtohs
                0x08007ad8       0x1c xcp_frame_serial.o
 .text.xcpSxiChecksum
                0x08007af4       0x3e xcp_frame_serial.o
                0x08007af4                xcpSxiChecksum
 *fill*         0x08007b32        0x2 
 .text.xcpFrameInit
                0x08007b34       0x70 xcp_frame_serial.o
                0x08007b34                xcpFrameInit
 .text.xcpFrameMsgSend
                0x08007ba4      0x184 xcp_frame_serial.o
                0x08007ba4                xcpFrameMsgSend
 .text.xcpFrameMsgRecv
                0x08007d28      0x180 xcp_frame_serial.o
                0x08007d28                xcpFrameMsgRecv
 .text.xcpFrameCreateMsg
                0x08007ea8       0x94 xcp_frame_serial.o
                0x08007ea8                xcpFrameCreateMsg
 .text.xcpFrameExtractPacket
                0x08007f3c      0x154 xcp_frame_serial.o
                0x08007f3c                xcpFrameExtractPacket
 .text.xcpFrameHeaderSize
                0x08008090       0x10 xcp_frame_serial.o
                0x08008090                xcpFrameHeaderSize
 .text.xcpFrameTailSize
                0x080080a0       0x10 xcp_frame_serial.o
                0x080080a0                xcpFrameTailSize
 .text.xcpFrameMaxDtoSize
                0x080080b0       0x12 xcp_frame_serial.o
                0x080080b0                xcpFrameMaxDtoSize
 .text.xcpFrameMaxCtoSize
                0x080080c2       0x10 xcp_frame_serial.o
                0x080080c2                xcpFrameMaxCtoSize
 *fill*         0x080080d2        0x2 
 .text.xcpFrameRestart
                0x080080d4       0x30 xcp_frame_serial.o
                0x080080d4                xcpFrameRestart
 .text.xcpFrameSetCtoReservedMemPoolId
                0x08008104       0x20 xcp_frame_serial.o
                0x08008104                xcpFrameSetCtoReservedMemPoolId
 .text.xcpFrameReset
                0x08008124       0x70 xcp_frame_serial.o
                0x08008124                xcpFrameReset
 .text.xcpTransportGetInitParameters
                0x08008194       0x2e xcp_ext_param_default_serial.o
                0x08008194                xcpTransportGetInitParameters
 .text.xcpGetInitParameters
                0x080081c2       0x2e xcp_ext_param_default_serial.o
                0x080081c2                xcpGetInitParameters
 .text.HAL_Delay
                0x080081f0       0x2e overrideHALDelay.o
                0x080081f0                HAL_Delay
 *fill*         0x0800821e        0x2 
 .text.PeriphCommonClock_Config
                0x08008220       0x10 platform_timer.o
                0x08008220                PeriphCommonClock_Config
 .text.getCurrentTimestampInMicros
                0x08008230       0x40 platform_timer.o
                0x08008230                getCurrentTimestampInMicros
 .text.returnTimeElapsed
                0x08008270       0x2c platform_timer.o
                0x08008270                returnTimeElapsed
 .text.__NVIC_SetPriority
                0x0800829c       0x54 SysTickScheduler.o
 .text.SysTick_Config
                0x080082f0       0x44 SysTickScheduler.o
 .text.SysTick_Isr
                0x08008334       0x48 SysTickScheduler.o
 .text.SysTick_Handler
                0x0800837c       0x20 SysTickScheduler.o
                0x0800837c                SysTick_Handler
 .text.ARMCM_SysTick_Config
                0x0800839c       0xb0 SysTickScheduler.o
                0x0800839c                ARMCM_SysTick_Config
 .text.PendSV_Handler
                0x0800844c       0x44 m3m4m4f_multitasking.o
                0x0800844c                PendSV_Handler
 .text.SVC_Handler
                0x08008490       0x58 m3m4m4f_multitasking.o
                0x08008490                SVC_Handler
 .text.rtIOStreamOpen
                0x080084e8       0x58 rtiostream_serial.o
                0x080084e8                rtIOStreamOpen
 .text.rtIOStreamSend
                0x08008540       0x34 rtiostream_serial.o
                0x08008540                rtIOStreamSend
 .text.rtIOStreamRecv
                0x08008574       0x48 rtiostream_serial.o
                0x08008574                rtIOStreamRecv
 .text.rtIOStreamClose
                0x080085bc       0x20 rtiostream_serial.o
                0x080085bc                rtIOStreamClose
 .text.__NVIC_GetPriorityGrouping
                0x080085dc       0x1c stm_usart.o
 .text.__NVIC_EnableIRQ
                0x080085f8       0x3c stm_usart.o
 .text.__NVIC_SetPriority
                0x08008634       0x54 stm_usart.o
 .text.NVIC_EncodePriority
                0x08008688       0x66 stm_usart.o
 *fill*         0x080086ee        0x2 
 .text.LL_DMA_EnableChannel
                0x080086f0       0x44 stm_usart.o
 .text.LL_DMA_DisableChannel
                0x08008734       0x44 stm_usart.o
 .text.LL_DMA_GetMode
                0x08008778       0x34 stm_usart.o
 .text.LL_DMA_SetDataLength
                0x080087ac       0x4c stm_usart.o
 .text.LL_DMA_GetDataLength
                0x080087f8       0x30 stm_usart.o
 .text.LL_DMA_ConfigAddresses
                0x08008828       0x7c stm_usart.o
 .text.LL_DMA_SetMemoryAddress
                0x080088a4       0x34 stm_usart.o
 .text.LL_DMA_IsActiveFlag_TC6
                0x080088d8       0x28 stm_usart.o
 .text.LL_DMA_IsActiveFlag_TC7
                0x08008900       0x28 stm_usart.o
 .text.LL_DMA_ClearFlag_TC6
                0x08008928       0x1c stm_usart.o
 .text.LL_DMA_ClearFlag_TC7
                0x08008944       0x1c stm_usart.o
 .text.LL_DMA_EnableIT_TC
                0x08008960       0x44 stm_usart.o
 .text.LL_DMA_DisableIT_TC
                0x080089a4       0x44 stm_usart.o
 .text.LL_DMA_IsEnabledIT_TC
                0x080089e8       0x3c stm_usart.o
 .text.LL_USART_Enable
                0x08008a24       0x20 stm_usart.o
 .text.LL_USART_Disable
                0x08008a44       0x20 stm_usart.o
 .text.LL_USART_IsEnabledAutoBaud
                0x08008a64       0x28 stm_usart.o
 .text.LL_USART_IsActiveFlag_PE
                0x08008a8c       0x26 stm_usart.o
 .text.LL_USART_IsActiveFlag_FE
                0x08008ab2       0x26 stm_usart.o
 .text.LL_USART_IsActiveFlag_NE
                0x08008ad8       0x26 stm_usart.o
 .text.LL_USART_IsActiveFlag_ORE
                0x08008afe       0x26 stm_usart.o
 .text.LL_USART_IsActiveFlag_ABRE
                0x08008b24       0x28 stm_usart.o
 .text.LL_USART_IsActiveFlag_ABR
                0x08008b4c       0x28 stm_usart.o
 .text.LL_USART_ClearFlag_PE
                0x08008b74       0x1a stm_usart.o
 .text.LL_USART_ClearFlag_FE
                0x08008b8e       0x1a stm_usart.o
 .text.LL_USART_ClearFlag_NE
                0x08008ba8       0x1a stm_usart.o
 .text.LL_USART_ClearFlag_ORE
                0x08008bc2       0x1a stm_usart.o
 .text.LL_USART_EnableIT_RXNE
                0x08008bdc       0x42 stm_usart.o
 .text.LL_USART_EnableIT_PE
                0x08008c1e       0x42 stm_usart.o
 .text.LL_USART_EnableIT_ERROR
                0x08008c60       0x46 stm_usart.o
 .text.LL_USART_DisableIT_RXNE
                0x08008ca6       0x42 stm_usart.o
 .text.LL_USART_DisableIT_TXE
                0x08008ce8       0x42 stm_usart.o
 .text.LL_USART_DisableIT_PE
                0x08008d2a       0x42 stm_usart.o
 .text.LL_USART_DisableIT_ERROR
                0x08008d6c       0x46 stm_usart.o
 .text.LL_USART_EnableDMAReq_RX
                0x08008db2       0x46 stm_usart.o
 .text.LL_USART_DisableDMAReq_RX
                0x08008df8       0x46 stm_usart.o
 .text.LL_USART_EnableDMAReq_TX
                0x08008e3e       0x46 stm_usart.o
 .text.LL_USART_DisableDMAReq_TX
                0x08008e84       0x46 stm_usart.o
 .text.LL_USART_DMA_GetRegAddr
                0x08008eca       0x2c stm_usart.o
 .text.LL_USART_ReceiveData8
                0x08008ef6       0x1c stm_usart.o
 .text.LL_USART_RequestAutoBaudRate
                0x08008f12       0x24 stm_usart.o
 .text.checkIfTransmitBufferFull
                0x08008f36       0x64 stm_usart.o
                0x08008f36                checkIfTransmitBufferFull
 .text.copyToTransmitBuffer
                0x08008f9a       0xf4 stm_usart.o
                0x08008f9a                copyToTransmitBuffer
 .text.getAvailableDataInBuffer
                0x0800908e       0xcc stm_usart.o
                0x0800908e                getAvailableDataInBuffer
 .text.getBytesToBeReadFromBuffer
                0x0800915a       0x6e stm_usart.o
                0x0800915a                getBytesToBeReadFromBuffer
 .text.readDataFromBuffer
                0x080091c8       0xcc stm_usart.o
                0x080091c8                readDataFromBuffer
 .text.UART_RXDMAInterruptHandler
                0x08009294       0xd4 stm_usart.o
                0x08009294                UART_RXDMAInterruptHandler
 .text.UART_TXDMAInterruptHandler
                0x08009368      0x164 stm_usart.o
                0x08009368                UART_TXDMAInterruptHandler
 .text.UART_IsActiveFlagError
                0x080094cc       0xf4 stm_usart.o
                0x080094cc                UART_IsActiveFlagError
 .text.USART2_IRQHandler
                0x080095c0       0x14 stm_usart.o
                0x080095c0                USART2_IRQHandler
 .text.DMA1_Channel7_IRQHandler
                0x080095d4       0x20 stm_usart.o
                0x080095d4                DMA1_Channel7_IRQHandler
 .text.DMA1_Channel6_IRQHandler
                0x080095f4       0x20 stm_usart.o
                0x080095f4                DMA1_Channel6_IRQHandler
 .text.UART_ConfigureReceiveDMA
                0x08009614       0x8a stm_usart.o
                0x08009614                UART_ConfigureReceiveDMA
 .text.UART_ConfigureTransmitDMA
                0x0800969e       0x56 stm_usart.o
                0x0800969e                UART_ConfigureTransmitDMA
 .text.getReadErrorStatus
                0x080096f4      0x144 stm_usart.o
                0x080096f4                getReadErrorStatus
 .text.MW_UART_Initialize
                0x08009838      0x184 stm_usart.o
                0x08009838                MW_UART_Initialize
 .text.MW_UART_ReceiveUsingBuffer
                0x080099bc       0x5c stm_usart.o
                0x080099bc                MW_UART_ReceiveUsingBuffer
 .text.MW_UART_TransmitUsingDMA
                0x08009a18       0xfc stm_usart.o
                0x08009a18                MW_UART_TransmitUsingDMA
 .text.MW_UART_DeInit
                0x08009b14       0xaa stm_usart.o
                0x08009b14                MW_UART_DeInit
 .text.sys_arch_protect
                0x08009bbe       0x22 sys_arch.o
                0x08009bbe                sys_arch_protect
 .text.sys_arch_unprotect
                0x08009be0       0x20 sys_arch.o
                0x08009be0                sys_arch_unprotect
 .text.__NVIC_GetPriorityGrouping
                0x08009c00       0x1c main.o
 .text.__NVIC_EnableIRQ
                0x08009c1c       0x3c main.o
 .text.__NVIC_SetPriority
                0x08009c58       0x54 main.o
 .text.NVIC_EncodePriority
                0x08009cac       0x66 main.o
 *fill*         0x08009d12        0x2 
 .text.LL_DMA_SetDataTransferDirection
                0x08009d14       0x50 main.o
 .text.LL_DMA_SetMode
                0x08009d64       0x4c main.o
 .text.LL_DMA_SetPeriphIncMode
                0x08009db0       0x4c main.o
 .text.LL_DMA_SetMemoryIncMode
                0x08009dfc       0x4c main.o
 .text.LL_DMA_SetPeriphSize
                0x08009e48       0x4c main.o
 .text.LL_DMA_SetMemorySize
                0x08009e94       0x4c main.o
 .text.LL_DMA_SetChannelPriorityLevel
                0x08009ee0       0x4c main.o
 .text.LL_DMA_SetPeriphRequest
                0x08009f2c       0x64 main.o
 .text.LL_RCC_HSI_Enable
                0x08009f90       0x20 main.o
 .text.LL_RCC_HSI_IsReady
                0x08009fb0       0x28 main.o
 .text.LL_RCC_HSI_SetCalibTrimming
                0x08009fd8       0x2c main.o
 .text.LL_RCC_SetSysClkSource
                0x0800a004       0x28 main.o
 .text.LL_RCC_GetSysClkSource
                0x0800a02c       0x1c main.o
 .text.LL_RCC_SetAHBPrescaler
                0x0800a048       0x28 main.o
 .text.LL_RCC_SetAPB1Prescaler
                0x0800a070       0x28 main.o
 .text.LL_RCC_SetAPB2Prescaler
                0x0800a098       0x28 main.o
 .text.LL_RCC_SetUSARTClockSource
                0x0800a0c0       0x34 main.o
 .text.LL_RCC_PLL_Enable
                0x0800a0f4       0x20 main.o
 .text.LL_RCC_PLL_IsReady
                0x0800a114       0x28 main.o
 .text.LL_RCC_PLL_ConfigDomain_SYS
                0x0800a13c       0x40 main.o
 .text.LL_RCC_PLL_EnableDomain_SYS
                0x0800a17c       0x20 main.o
 .text.LL_AHB1_GRP1_EnableClock
                0x0800a19c       0x30 main.o
 .text.LL_AHB2_GRP1_EnableClock
                0x0800a1cc       0x30 main.o
 .text.LL_APB1_GRP1_EnableClock
                0x0800a1fc       0x30 main.o
 .text.LL_FLASH_SetLatency
                0x0800a22c       0x28 main.o
 .text.LL_FLASH_GetLatency
                0x0800a254       0x1c main.o
 .text.LL_PWR_SetRegulVoltageScaling
                0x0800a270       0x28 main.o
 .text.LL_PWR_IsActiveFlag_VOS
                0x0800a298       0x28 main.o
 .text.LL_TIM_DisableARRPreload
                0x0800a2c0       0x20 main.o
 .text.LL_TIM_OC_DisableFast
                0x0800a2e0       0xa4 main.o
 .text.LL_TIM_OC_EnablePreload
                0x0800a384       0xa0 main.o
 .text.LL_TIM_DisableExternalClock
                0x0800a424       0x20 main.o
 .text.LL_TIM_SetClockSource
                0x0800a444       0x2a main.o
 .text.LL_TIM_SetTriggerOutput
                0x0800a46e       0x26 main.o
 .text.LL_TIM_DisableMasterSlaveMode
                0x0800a494       0x20 main.o
 .text.LL_TIM_ConfigETR
                0x0800a4b4       0x32 main.o
 .text.LL_TIM_SetOCRefClearInputSource
                0x0800a4e6       0x26 main.o
 .text.LL_USART_Enable
                0x0800a50c       0x20 main.o
 .text.LL_USART_ConfigAsyncMode
                0x0800a52c       0x2c main.o
 .text.LL_GPIO_ResetOutputPin
                0x0800a558       0x1c main.o
 .text.SystemClock_Config
                0x0800a574       0xa4 main.o
                0x0800a574                SystemClock_Config
 .text.MX_TIM2_Init
                0x0800a618      0x10a main.o
                0x0800a618                MX_TIM2_Init
 *fill*         0x0800a722        0x2 
 .text.MX_USART2_UART_Init
                0x0800a724      0x14c main.o
                0x0800a724                MX_USART2_UART_Init
 .text.MX_DMA_Init
                0x0800a870       0x4e main.o
                0x0800a870                MX_DMA_Init
 *fill*         0x0800a8be        0x2 
 .text.MX_GPIO_Init
                0x0800a8c0       0x70 main.o
                0x0800a8c0                MX_GPIO_Init
 .text.HAL_TIM_PeriodElapsedCallback
                0x0800a930       0x24 main.o
                0x0800a930                HAL_TIM_PeriodElapsedCallback
 .text.Error_Handler
                0x0800a954        0xa main.o
                0x0800a954                Error_Handler
 .text.NMI_Handler
                0x0800a95e        0x6 stm32l4xx_it.o
                0x0800a95e                NMI_Handler
 .text.HardFault_Handler
                0x0800a964        0x6 stm32l4xx_it.o
                0x0800a964                HardFault_Handler
 .text.MemManage_Handler
                0x0800a96a        0x6 stm32l4xx_it.o
                0x0800a96a                MemManage_Handler
 .text.BusFault_Handler
                0x0800a970        0x6 stm32l4xx_it.o
                0x0800a970                BusFault_Handler
 .text.UsageFault_Handler
                0x0800a976        0x6 stm32l4xx_it.o
                0x0800a976                UsageFault_Handler
 .text.DebugMon_Handler
                0x0800a97c        0xe stm32l4xx_it.o
                0x0800a97c                DebugMon_Handler
 *fill*         0x0800a98a        0x2 
 .text.TIM1_UP_TIM16_IRQHandler
                0x0800a98c       0x14 stm32l4xx_it.o
                0x0800a98c                TIM1_UP_TIM16_IRQHandler
 .text.HAL_MspInit
                0x0800a9a0       0x48 stm32l4xx_hal_msp.o
                0x0800a9a0                HAL_MspInit
 .text.HAL_InitTick
                0x0800a9e8       0xdc stm32l4xx_hal_timebase_tim.o
                0x0800a9e8                HAL_InitTick
 .text.LL_SetSystemCoreClock
                0x0800aac4       0x20 stm32l4xx_ll_utils.o
                0x0800aac4                LL_SetSystemCoreClock
 .text.LL_GPIO_SetPinMode
                0x0800aae4       0x7a stm32l4xx_ll_gpio.o
 .text.LL_GPIO_SetPinOutputType
                0x0800ab5e       0x30 stm32l4xx_ll_gpio.o
 .text.LL_GPIO_SetPinSpeed
                0x0800ab8e       0x7a stm32l4xx_ll_gpio.o
 .text.LL_GPIO_SetPinPull
                0x0800ac08       0x7a stm32l4xx_ll_gpio.o
 .text.LL_GPIO_SetAFPin_0_7
                0x0800ac82       0x7a stm32l4xx_ll_gpio.o
 .text.LL_GPIO_SetAFPin_8_15
                0x0800acfc       0x7e stm32l4xx_ll_gpio.o
 .text.LL_GPIO_Init
                0x0800ad7a       0xdc stm32l4xx_ll_gpio.o
                0x0800ad7a                LL_GPIO_Init
 .text.HAL_TIM_Base_Init
                0x0800ae56       0xae stm32l4xx_hal_tim.o
                0x0800ae56                HAL_TIM_Base_Init
 .text.HAL_TIM_Base_MspInit
                0x0800af04       0x14 stm32l4xx_hal_tim.o
                0x0800af04                HAL_TIM_Base_MspInit
 .text.HAL_TIM_Base_Start_IT
                0x0800af18       0xb8 stm32l4xx_hal_tim.o
                0x0800af18                HAL_TIM_Base_Start_IT
 .text.HAL_TIM_IRQHandler
                0x0800afd0      0x204 stm32l4xx_hal_tim.o
                0x0800afd0                HAL_TIM_IRQHandler
 .text.HAL_TIM_OC_DelayElapsedCallback
                0x0800b1d4       0x14 stm32l4xx_hal_tim.o
                0x0800b1d4                HAL_TIM_OC_DelayElapsedCallback
 .text.HAL_TIM_IC_CaptureCallback
                0x0800b1e8       0x14 stm32l4xx_hal_tim.o
                0x0800b1e8                HAL_TIM_IC_CaptureCallback
 .text.HAL_TIM_PWM_PulseFinishedCallback
                0x0800b1fc       0x14 stm32l4xx_hal_tim.o
                0x0800b1fc                HAL_TIM_PWM_PulseFinishedCallback
 .text.HAL_TIM_TriggerCallback
                0x0800b210       0x14 stm32l4xx_hal_tim.o
                0x0800b210                HAL_TIM_TriggerCallback
 .text.TIM_Base_SetConfig
                0x0800b224       0xdc stm32l4xx_hal_tim.o
                0x0800b224                TIM_Base_SetConfig
 .text.HAL_TIMEx_CommutCallback
                0x0800b300       0x14 stm32l4xx_hal_tim_ex.o
                0x0800b300                HAL_TIMEx_CommutCallback
 .text.HAL_TIMEx_BreakCallback
                0x0800b314       0x14 stm32l4xx_hal_tim_ex.o
                0x0800b314                HAL_TIMEx_BreakCallback
 .text.HAL_TIMEx_Break2Callback
                0x0800b328       0x14 stm32l4xx_hal_tim_ex.o
                0x0800b328                HAL_TIMEx_Break2Callback
 .text.LL_TIM_SetPrescaler
                0x0800b33c       0x1c stm32l4xx_ll_tim.o
 .text.LL_TIM_SetAutoReload
                0x0800b358       0x1c stm32l4xx_ll_tim.o
 .text.LL_TIM_SetRepetitionCounter
                0x0800b374       0x1c stm32l4xx_ll_tim.o
 .text.LL_TIM_OC_SetCompareCH1
                0x0800b390       0x1c stm32l4xx_ll_tim.o
 .text.LL_TIM_OC_SetCompareCH2
                0x0800b3ac       0x1c stm32l4xx_ll_tim.o
 .text.LL_TIM_OC_SetCompareCH3
                0x0800b3c8       0x1c stm32l4xx_ll_tim.o
 .text.LL_TIM_OC_SetCompareCH4
                0x0800b3e4       0x1c stm32l4xx_ll_tim.o
 .text.LL_TIM_OC_SetCompareCH5
                0x0800b400       0x20 stm32l4xx_ll_tim.o
 .text.LL_TIM_OC_SetCompareCH6
                0x0800b420       0x1c stm32l4xx_ll_tim.o
 .text.LL_TIM_GenerateEvent_UPDATE
                0x0800b43c       0x20 stm32l4xx_ll_tim.o
 .text.LL_TIM_Init
                0x0800b45c       0xd0 stm32l4xx_ll_tim.o
                0x0800b45c                LL_TIM_Init
 .text.LL_TIM_OC_Init
                0x0800b52c       0xbe stm32l4xx_ll_tim.o
                0x0800b52c                LL_TIM_OC_Init
 *fill*         0x0800b5ea        0x2 
 .text.OC1Config
                0x0800b5ec       0xe8 stm32l4xx_ll_tim.o
 .text.OC2Config
                0x0800b6d4       0xf0 stm32l4xx_ll_tim.o
 .text.OC3Config
                0x0800b7c4       0xf0 stm32l4xx_ll_tim.o
 .text.OC4Config
                0x0800b8b4       0xc0 stm32l4xx_ll_tim.o
 .text.OC5Config
                0x0800b974       0xb0 stm32l4xx_ll_tim.o
 .text.OC6Config
                0x0800ba24       0xb0 stm32l4xx_ll_tim.o
 .text.HAL_Init
                0x0800bad4       0x30 stm32l4xx_hal.o
                0x0800bad4                HAL_Init
 .text.HAL_IncTick
                0x0800bb04       0x28 stm32l4xx_hal.o
                0x0800bb04                HAL_IncTick
 .text.HAL_GetTick
                0x0800bb2c       0x18 stm32l4xx_hal.o
                0x0800bb2c                HAL_GetTick
 .text.HAL_RCC_GetHCLKFreq
                0x0800bb44       0x18 stm32l4xx_hal_rcc.o
                0x0800bb44                HAL_RCC_GetHCLKFreq
 .text.HAL_RCC_GetPCLK2Freq
                0x0800bb5c       0x2c stm32l4xx_hal_rcc.o
                0x0800bb5c                HAL_RCC_GetPCLK2Freq
 .text.HAL_RCC_GetClockConfig
                0x0800bb88       0x64 stm32l4xx_hal_rcc.o
                0x0800bb88                HAL_RCC_GetClockConfig
 .text.__NVIC_SetPriorityGrouping
                0x0800bbec       0x48 stm32l4xx_hal_cortex.o
 .text.__NVIC_GetPriorityGrouping
                0x0800bc34       0x1c stm32l4xx_hal_cortex.o
 .text.__NVIC_EnableIRQ
                0x0800bc50       0x3c stm32l4xx_hal_cortex.o
 .text.__NVIC_SetPriority
                0x0800bc8c       0x54 stm32l4xx_hal_cortex.o
 .text.NVIC_EncodePriority
                0x0800bce0       0x66 stm32l4xx_hal_cortex.o
 .text.HAL_NVIC_SetPriorityGrouping
                0x0800bd46       0x16 stm32l4xx_hal_cortex.o
                0x0800bd46                HAL_NVIC_SetPriorityGrouping
 .text.HAL_NVIC_SetPriority
                0x0800bd5c       0x38 stm32l4xx_hal_cortex.o
                0x0800bd5c                HAL_NVIC_SetPriority
 .text.HAL_NVIC_EnableIRQ
                0x0800bd94       0x1c stm32l4xx_hal_cortex.o
                0x0800bd94                HAL_NVIC_EnableIRQ
 .text.LL_USART_IsEnabled
                0x0800bdb0       0x26 stm32l4xx_ll_usart.o
 .text.LL_USART_SetStopBitsLength
                0x0800bdd6       0x26 stm32l4xx_ll_usart.o
 .text.LL_USART_SetHWFlowCtrl
                0x0800bdfc       0x26 stm32l4xx_ll_usart.o
 .text.LL_USART_SetBaudRate
                0x0800be22       0x6e stm32l4xx_ll_usart.o
 .text.LL_USART_Init
                0x0800be90       0xe0 stm32l4xx_ll_usart.o
                0x0800be90                LL_USART_Init
 .text.LL_RCC_HSI_IsReady
                0x0800bf70       0x28 stm32l4xx_ll_rcc.o
 .text.LL_RCC_LSE_IsReady
                0x0800bf98       0x28 stm32l4xx_ll_rcc.o
 .text.LL_RCC_MSI_IsEnabledRangeSelect
                0x0800bfc0       0x24 stm32l4xx_ll_rcc.o
 .text.LL_RCC_MSI_GetRange
                0x0800bfe4       0x1c stm32l4xx_ll_rcc.o
 .text.LL_RCC_MSI_GetRangeAfterStandby
                0x0800c000       0x1c stm32l4xx_ll_rcc.o
 .text.LL_RCC_GetSysClkSource
                0x0800c01c       0x1c stm32l4xx_ll_rcc.o
 .text.LL_RCC_GetAHBPrescaler
                0x0800c038       0x1c stm32l4xx_ll_rcc.o
 .text.LL_RCC_GetAPB1Prescaler
                0x0800c054       0x1c stm32l4xx_ll_rcc.o
 .text.LL_RCC_GetAPB2Prescaler
                0x0800c070       0x1c stm32l4xx_ll_rcc.o
 .text.LL_RCC_GetUSARTClockSource
                0x0800c08c       0x28 stm32l4xx_ll_rcc.o
 .text.LL_RCC_GetUARTClockSource
                0x0800c0b4       0x28 stm32l4xx_ll_rcc.o
 .text.LL_RCC_PLL_GetMainSource
                0x0800c0dc       0x1c stm32l4xx_ll_rcc.o
 .text.LL_RCC_PLL_GetN
                0x0800c0f8       0x1c stm32l4xx_ll_rcc.o
 .text.LL_RCC_PLL_GetR
                0x0800c114       0x1c stm32l4xx_ll_rcc.o
 .text.LL_RCC_PLL_GetDivider
                0x0800c130       0x1c stm32l4xx_ll_rcc.o
 .text.LL_RCC_GetUSARTClockFreq
                0x0800c14c      0x1c4 stm32l4xx_ll_rcc.o
                0x0800c14c                LL_RCC_GetUSARTClockFreq
 .text.LL_RCC_GetUARTClockFreq
                0x0800c310       0xa0 stm32l4xx_ll_rcc.o
                0x0800c310                LL_RCC_GetUARTClockFreq
 .text.RCC_GetSystemClockFreq
                0x0800c3b0      0x120 stm32l4xx_ll_rcc.o
 .text.RCC_GetHCLKClockFreq
                0x0800c4d0       0x2c stm32l4xx_ll_rcc.o
 .text.RCC_GetPCLK1ClockFreq
                0x0800c4fc       0x28 stm32l4xx_ll_rcc.o
 .text.RCC_GetPCLK2ClockFreq
                0x0800c524       0x28 stm32l4xx_ll_rcc.o
 .text.RCC_PLL_GetFreqDomain_SYS
                0x0800c54c      0x118 stm32l4xx_ll_rcc.o
 .text.SystemInit
                0x0800c664       0x24 system_stm32l4xx.o
                0x0800c664                SystemInit
 .text.Reset_Handler
                0x0800c688       0x50 startup_stm32l452retx.o
                0x0800c688                Reset_Handler
 .text.Default_Handler
                0x0800c6d8        0x2 startup_stm32l452retx.o
                0x0800c6d8                RTC_Alarm_IRQHandler
                0x0800c6d8                EXTI2_IRQHandler
                0x0800c6d8                TIM1_CC_IRQHandler
                0x0800c6d8                TSC_IRQHandler
                0x0800c6d8                TAMP_STAMP_IRQHandler
                0x0800c6d8                EXTI3_IRQHandler
                0x0800c6d8                LPTIM2_IRQHandler
                0x0800c6d8                DFSDM1_FLT1_IRQHandler
                0x0800c6d8                I2C3_ER_IRQHandler
                0x0800c6d8                EXTI0_IRQHandler
                0x0800c6d8                I2C2_EV_IRQHandler
                0x0800c6d8                CAN1_RX0_IRQHandler
                0x0800c6d8                FPU_IRQHandler
                0x0800c6d8                SPI1_IRQHandler
                0x0800c6d8                TIM6_DAC_IRQHandler
                0x0800c6d8                DMA2_Channel2_IRQHandler
                0x0800c6d8                DMA1_Channel4_IRQHandler
                0x0800c6d8                ADC1_IRQHandler
                0x0800c6d8                USART3_IRQHandler
                0x0800c6d8                CAN1_RX1_IRQHandler
                0x0800c6d8                DMA2_Channel1_IRQHandler
                0x0800c6d8                QUADSPI_IRQHandler
                0x0800c6d8                I2C1_EV_IRQHandler
                0x0800c6d8                UART4_IRQHandler
                0x0800c6d8                DMA2_Channel4_IRQHandler
                0x0800c6d8                TIM3_IRQHandler
                0x0800c6d8                RCC_IRQHandler
                0x0800c6d8                TIM1_TRG_COM_IRQHandler
                0x0800c6d8                DMA1_Channel1_IRQHandler
                0x0800c6d8                Default_Handler
                0x0800c6d8                DMA2_Channel7_IRQHandler
                0x0800c6d8                EXTI15_10_IRQHandler
                0x0800c6d8                SDMMC1_IRQHandler
                0x0800c6d8                I2C3_EV_IRQHandler
                0x0800c6d8                USB_IRQHandler
                0x0800c6d8                EXTI9_5_IRQHandler
                0x0800c6d8                RTC_WKUP_IRQHandler
                0x0800c6d8                PVD_PVM_IRQHandler
                0x0800c6d8                SPI2_IRQHandler
                0x0800c6d8                CAN1_TX_IRQHandler
                0x0800c6d8                DMA2_Channel5_IRQHandler
                0x0800c6d8                CRS_IRQHandler
                0x0800c6d8                DMA1_Channel5_IRQHandler
                0x0800c6d8                EXTI4_IRQHandler
                0x0800c6d8                RNG_IRQHandler
                0x0800c6d8                DMA1_Channel3_IRQHandler
                0x0800c6d8                COMP_IRQHandler
                0x0800c6d8                WWDG_IRQHandler
                0x0800c6d8                I2C4_EV_IRQHandler
                0x0800c6d8                LPUART1_IRQHandler
                0x0800c6d8                DMA2_Channel6_IRQHandler
                0x0800c6d8                TIM2_IRQHandler
                0x0800c6d8                EXTI1_IRQHandler
                0x0800c6d8                DFSDM1_FLT0_IRQHandler
                0x0800c6d8                I2C2_ER_IRQHandler
                0x0800c6d8                DMA1_Channel2_IRQHandler
                0x0800c6d8                CAN1_SCE_IRQHandler
                0x0800c6d8                FLASH_IRQHandler
                0x0800c6d8                USART1_IRQHandler
                0x0800c6d8                SPI3_IRQHandler
                0x0800c6d8                I2C1_ER_IRQHandler
                0x0800c6d8                LPTIM1_IRQHandler
                0x0800c6d8                I2C4_ER_IRQHandler
                0x0800c6d8                SAI1_IRQHandler
                0x0800c6d8                DMA2_Channel3_IRQHandler
                0x0800c6d8                TIM1_BRK_TIM15_IRQHandler
 *fill*         0x0800c6da        0x2 
 .text.fmod     0x0800c6dc       0x6c c:/programdata/matlab/supportpackages/r2023b/3p.instrset/gnuarm-armcortex.instrset/win/bin/../lib/gcc/arm-none-eabi/11.3.1/thumb/v7e-m+fp/hard\libm.a(libm_a-w_fmod.o)
                0x0800c6dc                fmod
 .text.ceil     0x0800c748      0x110 c:/programdata/matlab/supportpackages/r2023b/3p.instrset/gnuarm-armcortex.instrset/win/bin/../lib/gcc/arm-none-eabi/11.3.1/thumb/v7e-m+fp/hard\libm.a(libm_a-s_ceil.o)
                0x0800c748                ceil
 .text.floor    0x0800c858      0x118 c:/programdata/matlab/supportpackages/r2023b/3p.instrset/gnuarm-armcortex.instrset/win/bin/../lib/gcc/arm-none-eabi/11.3.1/thumb/v7e-m+fp/hard\libm.a(libm_a-s_floor.o)
                0x0800c858                floor
 .text.__ieee754_fmod
                0x0800c970      0x27c c:/programdata/matlab/supportpackages/r2023b/3p.instrset/gnuarm-armcortex.instrset/win/bin/../lib/gcc/arm-none-eabi/11.3.1/thumb/v7e-m+fp/hard\libm.a(libm_a-e_fmod.o)
                0x0800c970                __ieee754_fmod
 .text.memset   0x0800cbec       0x10 c:/programdata/matlab/supportpackages/r2023b/3p.instrset/gnuarm-armcortex.instrset/win/bin/../lib/gcc/arm-none-eabi/11.3.1/thumb/v7e-m+fp/hard\libg_nano.a(libc_a-memset.o)
                0x0800cbec                memset
 .text.__errno  0x0800cbfc        0xc c:/programdata/matlab/supportpackages/r2023b/3p.instrset/gnuarm-armcortex.instrset/win/bin/../lib/gcc/arm-none-eabi/11.3.1/thumb/v7e-m+fp/hard\libg_nano.a(libc_a-errno.o)
                0x0800cbfc                __errno
 .text.__libc_init_array
                0x0800cc08       0x48 c:/programdata/matlab/supportpackages/r2023b/3p.instrset/gnuarm-armcortex.instrset/win/bin/../lib/gcc/arm-none-eabi/11.3.1/thumb/v7e-m+fp/hard\libg_nano.a(libc_a-init.o)
                0x0800cc08                __libc_init_array
 .text.memcpy   0x0800cc50       0x1c c:/programdata/matlab/supportpackages/r2023b/3p.instrset/gnuarm-armcortex.instrset/win/bin/../lib/gcc/arm-none-eabi/11.3.1/thumb/v7e-m+fp/hard\libg_nano.a(libc_a-memcpy-stub.o)
                0x0800cc50                memcpy
 *(.glue_7)
 .glue_7        0x0800cc6c        0x0 linker stubs
 *(.glue_7t)
 .glue_7t       0x0800cc6c        0x0 linker stubs
 *(.eh_frame)
 .eh_frame      0x0800cc6c        0x0 c:/programdata/matlab/supportpackages/r2023b/3p.instrset/gnuarm-armcortex.instrset/win/bin/../lib/gcc/arm-none-eabi/11.3.1/thumb/v7e-m+fp/hard/crtbegin.o
 *(.init)
 .init          0x0800cc6c        0x4 c:/programdata/matlab/supportpackages/r2023b/3p.instrset/gnuarm-armcortex.instrset/win/bin/../lib/gcc/arm-none-eabi/11.3.1/thumb/v7e-m+fp/hard/crti.o
                0x0800cc6c                _init
 .init          0x0800cc70        0x8 c:/programdata/matlab/supportpackages/r2023b/3p.instrset/gnuarm-armcortex.instrset/win/bin/../lib/gcc/arm-none-eabi/11.3.1/thumb/v7e-m+fp/hard/crtn.o
 *(.fini)
 .fini          0x0800cc78        0x4 c:/programdata/matlab/supportpackages/r2023b/3p.instrset/gnuarm-armcortex.instrset/win/bin/../lib/gcc/arm-none-eabi/11.3.1/thumb/v7e-m+fp/hard/crti.o
                0x0800cc78                _fini
 .fini          0x0800cc7c        0x8 c:/programdata/matlab/supportpackages/r2023b/3p.instrset/gnuarm-armcortex.instrset/win/bin/../lib/gcc/arm-none-eabi/11.3.1/thumb/v7e-m+fp/hard/crtn.o
                0x0800cc84                . = ALIGN (0x4)
                0x0800cc84                _etext = .

.vfp11_veneer   0x0800cc84        0x0
 .vfp11_veneer  0x0800cc84        0x0 linker stubs

.v4_bx          0x0800cc84        0x0
 .v4_bx         0x0800cc84        0x0 linker stubs

.iplt           0x0800cc84        0x0
 .iplt          0x0800cc84        0x0 c:/programdata/matlab/supportpackages/r2023b/3p.instrset/gnuarm-armcortex.instrset/win/bin/../lib/gcc/arm-none-eabi/11.3.1/thumb/v7e-m+fp/hard/crtbegin.o

.rodata         0x0800cc88     0x2a10
                0x0800cc88                . = ALIGN (0x4)
 *(.rodata)
 .rodata        0x0800cc88      0x2b9 xcp_ext_mode.o
 *fill*         0x0800cf41        0x3 
 .rodata        0x0800cf44      0x12e xcp_ext_common.o
 *fill*         0x0800d072        0x2 
 .rodata        0x0800d074       0x4c xcp_ext_classic_trigger.o
 .rodata        0x0800d0c0      0x278 xcp.o
 .rodata        0x0800d338      0x3a9 xcp_standard.o
 *fill*         0x0800d6e1        0x3 
 .rodata        0x0800d6e4     0x1010 xcp_daq.o
 .rodata        0x0800e6f4       0xdd xcp_calibration.o
 *fill*         0x0800e7d1        0x3 
 .rodata        0x0800e7d4      0x56e xcp_transport.o
 *fill*         0x0800ed42        0x2 
 .rodata        0x0800ed44       0xf5 xcp_mem_default.o
 *fill*         0x0800ee39        0x3 
 .rodata        0x0800ee3c      0x228 xcp_drv_rtiostream.o
 .rodata        0x0800f064      0x4aa xcp_frame_serial.o
 *(.rodata*)
 *fill*         0x0800f50e        0x2 
 .rodata.Narnia_PIL_M
                0x0800f510        0x4 Narnia_PIL.o
                0x0800f510                Narnia_PIL_M
 .rodata.rtAlwaysEnabled.0
                0x0800f514        0x1 Narnia_PIL.o
 *fill*         0x0800f515        0x3 
 .rodata.standardSupportedRxPacket
                0x0800f518       0x54 xcp_standard.o
 .rodata.daqSupportedRxPacket
                0x0800f56c       0x90 xcp_daq.o
 .rodata.calibrationSupportedRxPacket
                0x0800f5fc       0x18 xcp_calibration.o
 .rodata.CHANNEL_OFFSET_TAB
                0x0800f614        0x7 stm_usart.o
 *fill*         0x0800f61b        0x1 
 .rodata.CHANNEL_OFFSET_TAB
                0x0800f61c        0x7 main.o
 *fill*         0x0800f623        0x1 
 .rodata.OFFSET_TAB_CCMRx
                0x0800f624        0x9 main.o
 *fill*         0x0800f62d        0x3 
 .rodata.SHIFT_TAB_OCxx
                0x0800f630        0x9 main.o
 *fill*         0x0800f639        0x3 
 .rodata.AHBPrescTable
                0x0800f63c       0x10 system_stm32l4xx.o
                0x0800f63c                AHBPrescTable
 .rodata.APBPrescTable
                0x0800f64c        0x8 system_stm32l4xx.o
                0x0800f64c                APBPrescTable
 .rodata.MSIRangeTable
                0x0800f654       0x30 system_stm32l4xx.o
                0x0800f654                MSIRangeTable
 *fill*         0x0800f684        0x4 
 .rodata.Zero   0x0800f688       0x10 c:/programdata/matlab/supportpackages/r2023b/3p.instrset/gnuarm-armcortex.instrset/win/bin/../lib/gcc/arm-none-eabi/11.3.1/thumb/v7e-m+fp/hard\libm.a(libm_a-e_fmod.o)
                0x0800f698                . = ALIGN (0x4)

.ARM.extab      0x0800f698        0x0
                0x0800f698                . = ALIGN (0x4)
 *(.ARM.extab* .gnu.linkonce.armextab.*)
                0x0800f698                . = ALIGN (0x4)

.ARM            0x0800f698        0x0
                0x0800f698                . = ALIGN (0x4)
                0x0800f698                __exidx_start = .
 *(.ARM.exidx*)
                0x0800f698                __exidx_end = .
                0x0800f698                . = ALIGN (0x4)

.preinit_array  0x0800f698        0x0
                0x0800f698                . = ALIGN (0x4)
                0x0800f698                PROVIDE (__preinit_array_start = .)
 *(.preinit_array*)
                0x0800f698                PROVIDE (__preinit_array_end = .)
                0x0800f698                . = ALIGN (0x4)

.init_array     0x0800f698        0x4
                0x0800f698                . = ALIGN (0x4)
                0x0800f698                PROVIDE (__init_array_start = .)
 *(SORT_BY_NAME(.init_array.*))
 *(.init_array*)
 .init_array    0x0800f698        0x4 c:/programdata/matlab/supportpackages/r2023b/3p.instrset/gnuarm-armcortex.instrset/win/bin/../lib/gcc/arm-none-eabi/11.3.1/thumb/v7e-m+fp/hard/crtbegin.o
                0x0800f69c                PROVIDE (__init_array_end = .)
                0x0800f69c                . = ALIGN (0x4)

.fini_array     0x0800f69c        0x4
                0x0800f69c                . = ALIGN (0x4)
                [!provide]                PROVIDE (__fini_array_start = .)
 *(SORT_BY_NAME(.fini_array.*))
 *(.fini_array*)
 .fini_array    0x0800f69c        0x4 c:/programdata/matlab/supportpackages/r2023b/3p.instrset/gnuarm-armcortex.instrset/win/bin/../lib/gcc/arm-none-eabi/11.3.1/thumb/v7e-m+fp/hard/crtbegin.o
                [!provide]                PROVIDE (__fini_array_end = .)
                0x0800f6a0                . = ALIGN (0x4)
                0x0800f6a0                _sidata = LOADADDR (.data)

.rel.dyn        0x0800f6a0        0x0
 .rel.iplt      0x0800f6a0        0x0 c:/programdata/matlab/supportpackages/r2023b/3p.instrset/gnuarm-armcortex.instrset/win/bin/../lib/gcc/arm-none-eabi/11.3.1/thumb/v7e-m+fp/hard/crtbegin.o

.data           0x20000000       0xf4 load address 0x0800f6a0
                0x20000000                . = ALIGN (0x4)
                0x20000000                _sdata = .
 *(.data)
 *(.data*)
 .data.Narnia_PIL_P
                0x20000000       0x10 Narnia_PIL_data.o
                0x20000000                Narnia_PIL_P
 .data.xcpExtmodeFinalSimulationTime
                0x20000010        0x8 xcp_ext_common.o
                0x20000010                xcpExtmodeFinalSimulationTime
 .data.xcpClassicTriggerDuration
                0x20000018        0x4 xcp_ext_classic_trigger.o
                0x20000018                xcpClassicTriggerDuration
 .data.xcpClassicTriggerArmRequest
                0x2000001c        0x1 xcp_ext_classic_trigger.o
                0x2000001c                xcpClassicTriggerArmRequest
 *fill*         0x2000001d        0x3 
 .data.startStopDaqListId
                0x20000020        0x4 xcp_daq.o
 .data.xcpCurrentDaq
                0x20000024        0x4 xcp_daq.o
 .data.xcpEventCustomMemoryManager
                0x20000028        0xc xcp_daq.o
 .data.xcpCtoReservedMemPoolId
                0x20000034        0x4 xcp_transport.o
 .data.xcpMemMainBlockSizes
                0x20000038        0xc xcp_mem_default.o
 .data.xcpMemMainBlocksNumber
                0x20000044        0xc xcp_mem_default.o
 .data.drvID    0x20000050        0x4 xcp_drv_rtiostream.o
 .data.xcpCtoReservedMemPoolId
                0x20000054        0x4 xcp_frame_serial.o
 .data.uartObj  0x20000058       0x40 rtiostream_serial.o
                0x20000058                uartObj
 .data.uwTickPrio
                0x20000098        0x4 stm32l4xx_hal.o
                0x20000098                uwTickPrio
 .data.uwTickFreq
                0x2000009c        0x1 stm32l4xx_hal.o
                0x2000009c                uwTickFreq
 *fill*         0x2000009d        0x3 
 .data.SystemCoreClock
                0x200000a0        0x4 system_stm32l4xx.o
                0x200000a0                SystemCoreClock
 .data._impure_data
                0x200000a4       0x4c c:/programdata/matlab/supportpackages/r2023b/3p.instrset/gnuarm-armcortex.instrset/win/bin/../lib/gcc/arm-none-eabi/11.3.1/thumb/v7e-m+fp/hard\libg_nano.a(libc_a-impure.o)
                0x200000a4                _impure_data
 .data._impure_ptr
                0x200000f0        0x4 c:/programdata/matlab/supportpackages/r2023b/3p.instrset/gnuarm-armcortex.instrset/win/bin/../lib/gcc/arm-none-eabi/11.3.1/thumb/v7e-m+fp/hard\libg_nano.a(libc_a-impure.o)
                0x200000f0                _impure_ptr
 *(.RamFunc)
 *(.RamFunc*)
                0x200000f4                . = ALIGN (0x4)
                0x200000f4                _edata = .

.tm_clone_table
                0x200000f4        0x0 load address 0x0800f794
 .tm_clone_table
                0x200000f4        0x0 c:/programdata/matlab/supportpackages/r2023b/3p.instrset/gnuarm-armcortex.instrset/win/bin/../lib/gcc/arm-none-eabi/11.3.1/thumb/v7e-m+fp/hard/crtbegin.o
 .tm_clone_table
                0x200000f4        0x0 c:/programdata/matlab/supportpackages/r2023b/3p.instrset/gnuarm-armcortex.instrset/win/bin/../lib/gcc/arm-none-eabi/11.3.1/thumb/v7e-m+fp/hard/crtend.o

.igot.plt       0x200000f4        0x0 load address 0x0800f794
 .igot.plt      0x200000f4        0x0 c:/programdata/matlab/supportpackages/r2023b/3p.instrset/gnuarm-armcortex.instrset/win/bin/../lib/gcc/arm-none-eabi/11.3.1/thumb/v7e-m+fp/hard/crtbegin.o
                0x200000f4                . = ALIGN (0x4)

.bss            0x200000f8     0x1208 load address 0x0800f794
                0x200000f8                _sbss = .
                0x200000f8                __bss_start__ = _sbss
 *(.bss)
 *(.bss*)
 .bss.completed.1
                0x200000f8        0x1 c:/programdata/matlab/supportpackages/r2023b/3p.instrset/gnuarm-armcortex.instrset/win/bin/../lib/gcc/arm-none-eabi/11.3.1/thumb/v7e-m+fp/hard/crtbegin.o
 *fill*         0x200000f9        0x3 
 .bss.object.0  0x200000fc       0x18 c:/programdata/matlab/supportpackages/r2023b/3p.instrset/gnuarm-armcortex.instrset/win/bin/../lib/gcc/arm-none-eabi/11.3.1/thumb/v7e-m+fp/hard/crtbegin.o
 .bss.mw_tim2   0x20000114       0x8c stm_timer_ll.o
                0x20000114                mw_tim2
 .bss.xcpCustomTriggerFunction
                0x200001a0        0x8 xcp_ext_mode.o
 .bss.Narnia_PIL_DW
                0x200001a8       0x10 Narnia_PIL.o
                0x200001a8                Narnia_PIL_DW
 .bss.Narnia_PIL_M_
                0x200001b8       0x48 Narnia_PIL.o
 .bss.rt_ExtModeInfo.2
                0x20000200       0x14 Narnia_PIL.o
 .bss.systemRan.1
                0x20000214        0x8 Narnia_PIL.o
 .bss.IsrOverrun
                0x2000021c        0x4 ert_main.o
                0x2000021c                IsrOverrun
 .bss.OverrunFlag
                0x20000220        0x1 ert_main.o
 .bss.stopRequested
                0x20000221        0x1 ert_main.o
                0x20000221                stopRequested
 .bss.runModel  0x20000222        0x1 ert_main.o
                0x20000222                runModel
 .bss.xcpModelStartRequest
                0x20000223        0x1 xcp_ext_common.o
                0x20000223                xcpModelStartRequest
 .bss.xcpModelStopRequest
                0x20000224        0x1 xcp_ext_common.o
                0x20000224                xcpModelStopRequest
 .bss.xcpModelStatus
                0x20000225        0x1 xcp_ext_common.o
                0x20000225                xcpModelStatus
 *fill*         0x20000226        0x2 
 .bss.xcpModelChecksum0
                0x20000228        0x4 xcp_ext_common.o
                0x20000228                xcpModelChecksum0
 .bss.xcpModelChecksum1
                0x2000022c        0x4 xcp_ext_common.o
                0x2000022c                xcpModelChecksum1
 .bss.xcpModelChecksum2
                0x20000230        0x4 xcp_ext_common.o
                0x20000230                xcpModelChecksum2
 .bss.xcpModelChecksum3
                0x20000234        0x4 xcp_ext_common.o
                0x20000234                xcpModelChecksum3
 .bss.xcpModelIntegerCode
                0x20000238        0x4 xcp_ext_common.o
                0x20000238                xcpModelIntegerCode
 .bss.xcpExtmodeSimulationComplete
                0x2000023c        0x1 xcp_ext_common.o
                0x2000023c                xcpExtmodeSimulationComplete
 *fill*         0x2000023d        0x3 
 .bss.xcpDummyDoubleVariable
                0x20000240        0x8 xcp_ext_common.o
                0x20000240                xcpDummyDoubleVariable
 .bss.xcpCurrentSimulationTimeInMs
                0x20000248        0x8 xcp_ext_common.o
                0x20000248                xcpCurrentSimulationTimeInMs
 .bss.xcpBaseRateSimulationTime
                0x20000250        0x8 xcp_ext_common.o
 .bss.xcpClassicTriggerEventId
                0x20000258        0x2 xcp_ext_classic_trigger.o
                0x20000258                xcpClassicTriggerEventId
 *fill*         0x2000025a        0x2 
 .bss.xcpClassicTriggerSignalAddress
                0x2000025c        0x4 xcp_ext_classic_trigger.o
                0x2000025c                xcpClassicTriggerSignalAddress
 .bss.xcpClassicTriggerSignalAddressExtension
                0x20000260        0x1 xcp_ext_classic_trigger.o
                0x20000260                xcpClassicTriggerSignalAddressExtension
 *fill*         0x20000261        0x7 
 .bss.xcpClassicTriggerLevel
                0x20000268        0x8 xcp_ext_classic_trigger.o
                0x20000268                xcpClassicTriggerLevel
 .bss.xcpClassicTriggerHoldOff
                0x20000270        0x4 xcp_ext_classic_trigger.o
                0x20000270                xcpClassicTriggerHoldOff
 .bss.xcpClassicTriggerDelay
                0x20000274        0x4 xcp_ext_classic_trigger.o
                0x20000274                xcpClassicTriggerDelay
 .bss.xcpClassicTriggerDirection
                0x20000278        0x1 xcp_ext_classic_trigger.o
                0x20000278                xcpClassicTriggerDirection
 .bss.xcpClassicTriggerCancelRequest
                0x20000279        0x1 xcp_ext_classic_trigger.o
                0x20000279                xcpClassicTriggerCancelRequest
 .bss.xcpClassicTriggerSource
                0x2000027a        0x1 xcp_ext_classic_trigger.o
                0x2000027a                xcpClassicTriggerSource
 .bss.xcpClassicTriggerMode
                0x2000027b        0x1 xcp_ext_classic_trigger.o
                0x2000027b                xcpClassicTriggerMode
 .bss.xcpClassicTriggerStatus
                0x2000027c        0x1 xcp_ext_classic_trigger.o
                0x2000027c                xcpClassicTriggerStatus
 *fill*         0x2000027d        0x3 
 .bss.xcpOldSignalValue
                0x20000280        0x8 xcp_ext_classic_trigger.o
 .bss.xcpOldSignalValueAvailable
                0x20000288        0x1 xcp_ext_classic_trigger.o
 .bss.xcpOldClassicTriggerSource
                0x20000289        0x1 xcp_ext_classic_trigger.o
 .bss.xcpTriggerEnabled
                0x2000028a        0x1 xcp_ext_classic_trigger.o
 .bss.xcpSignalTriggerFired
                0x2000028b        0x1 xcp_ext_classic_trigger.o
 .bss.xcpTriggerCount
                0x2000028c        0x4 xcp_ext_classic_trigger.o
 .bss.xcpForcedTriggerEnabled
                0x20000290        0x1 xcp_ext_classic_trigger.o
 .bss.xcpForceTriggerEnableRequest
                0x20000291        0x1 xcp_ext_classic_trigger.o
 .bss.initialized
                0x20000292        0x1 xcp.o
 .bss.xcpStatus
                0x20000293        0x1 xcp.o
 .bss.xcpSessionStatus
                0x20000294        0x1 xcp.o
 .bss.xcpResourceProtectionStatus
                0x20000295        0x1 xcp.o
 .bss.xcpSessionConfigurationId
                0x20000296        0x2 xcp.o
 .bss.groupPacketLookup
                0x20000298       0x10 xcp.o
 .bss.xcpMta    0x200002a8        0x8 xcp_standard.o
 .bss.xcpUploadSize
                0x200002b0        0x1 xcp_standard.o
 *fill*         0x200002b1        0x3 
 .bss.packetLookup
                0x200002b4        0x4 xcp_standard.o
 .bss.xcpDynamicDaqLists
                0x200002b8        0x8 xcp_daq.o
 .bss.xcpRunningEventCounter
                0x200002c0        0x4 xcp_daq.o
 .bss.daqLock   0x200002c4        0x4 xcp_daq.o
 .bss.packetLookup
                0x200002c8        0x4 xcp_daq.o
 .bss.packetLookup
                0x200002cc        0x4 xcp_calibration.o
 .bss.txFifo    0x200002d0       0x10 xcp_transport.o
 .bss.txLock    0x200002e0        0x4 xcp_transport.o
 .bss.rxFifo    0x200002e4        0x8 xcp_transport.o
 .bss.rxLock    0x200002ec        0x4 xcp_transport.o
 .bss.initialized
                0x200002f0        0x1 xcp_transport.o
 *fill*         0x200002f1        0x3 
 .bss.xcpMemPoolDescriptors
                0x200002f4       0xa8 xcp_mem_default.o
 .bss.xcpMemCustomPoolDescriptors
                0x2000039c        0x8 xcp_mem_default.o
 .bss.xcpMemMainChunk
                0x200003a4      0x2bf xcp_mem_default.o
 *fill*         0x20000663        0x1 
 .bss.xcpMemReservedPoolsChunk
                0x20000664      0x2a1 xcp_mem_default.o
 *fill*         0x20000905        0x3 
 .bss.xcpMemReservedPoolsChunkUsedBytes
                0x20000908        0x4 xcp_mem_default.o
 .bss.xcpMemLock
                0x2000090c        0x4 xcp_mem_default.o
 .bss.forceBlocking
                0x20000910        0x1 xcp_drv_rtiostream.o
 *fill*         0x20000911        0x1 
 .bss.txCounter
                0x20000912        0x2 xcp_frame_serial.o
 .bss.rxCounter
                0x20000914        0x2 xcp_frame_serial.o
 *fill*         0x20000916        0x2 
 .bss.firstRxCounterReceived
                0x20000918        0x4 xcp_frame_serial.o
 .bss.initialized
                0x2000091c        0x1 xcp_frame_serial.o
 *fill*         0x2000091d        0x3 
 .bss.schdl_counter
                0x20000920        0x4 SysTickScheduler.o
                0x20000920                schdl_counter
 .bss.schdl_counter_max
                0x20000924        0x4 SysTickScheduler.o
                0x20000924                schdl_counter_max
 .bss.taskToSchedule
                0x20000928        0x4 m3m4m4f_multitasking.o
                0x20000928                taskToSchedule
 .bss.mw_ext_h  0x2000092c        0x4 rtiostream_serial.o
                0x2000092c                mw_ext_h
 .bss.UARTTxBuffer
                0x20000930        0x4 rtiostream_serial.o
                0x20000930                UARTTxBuffer
 .bss.UARTRxBuffer
                0x20000934        0x4 rtiostream_serial.o
                0x20000934                UARTRxBuffer
 .bss.mw_usart2
                0x20000938       0x40 stm_usart.o
                0x20000938                mw_usart2
 .bss.USART2ReceiveBuffer
                0x20000978      0x400 stm_usart.o
                0x20000978                USART2ReceiveBuffer
 .bss.USART2TransmitBuffer
                0x20000d78      0x400 stm_usart.o
                0x20000d78                USART2TransmitBuffer
 .bss.htim1     0x20001178       0x4c stm32l4xx_hal_timebase_tim.o
                0x20001178                htim1
 .bss.uwTick    0x200011c4        0x4 stm32l4xx_hal.o
                0x200011c4                uwTick
 .bss.__sf      0x200011c8      0x138 c:/programdata/matlab/supportpackages/r2023b/3p.instrset/gnuarm-armcortex.instrset/win/bin/../lib/gcc/arm-none-eabi/11.3.1/thumb/v7e-m+fp/hard\libg_nano.a(libc_a-findfp.o)
                0x200011c8                __sf
 *(COMMON)
                0x20001300                . = ALIGN (0x4)
                0x20001300                _ebss = .
                0x20001300                __bss_end__ = _ebss

._user_heap_stack
                0x20001300      0x600 load address 0x0800f794
                0x20001300                . = ALIGN (0x8)
                [!provide]                PROVIDE (end = .)
                0x20001300                PROVIDE (_end = .)
                0x20001500                . = (. + _Min_Heap_Size)
 *fill*         0x20001300      0x200 
                0x20001900                . = (. + _Min_Stack_Size)
 *fill*         0x20001500      0x400 
                0x20001900                . = ALIGN (0x8)

/DISCARD/
 libc.a(*)
 libm.a(*)
 libgcc.a(*)

.ARM.attributes
                0x00000000       0x30
 *(.ARM.attributes)
 .ARM.attributes
                0x00000000       0x1e c:/programdata/matlab/supportpackages/r2023b/3p.instrset/gnuarm-armcortex.instrset/win/bin/../lib/gcc/arm-none-eabi/11.3.1/thumb/v7e-m+fp/hard/crti.o
 .ARM.attributes
                0x0000001e       0x34 c:/programdata/matlab/supportpackages/r2023b/3p.instrset/gnuarm-armcortex.instrset/win/bin/../lib/gcc/arm-none-eabi/11.3.1/thumb/v7e-m+fp/hard/crtbegin.o
 .ARM.attributes
                0x00000052       0x34 stm_timer_ll.o
 .ARM.attributes
                0x00000086       0x34 xcp_ext_mode.o
 .ARM.attributes
                0x000000ba       0x34 Narnia_PIL.o
 .ARM.attributes
                0x000000ee       0x34 Narnia_PIL_data.o
 .ARM.attributes
                0x00000122       0x34 ert_main.o
 .ARM.attributes
                0x00000156       0x34 xcp_ext_common.o
 .ARM.attributes
                0x0000018a       0x34 xcp_ext_classic_trigger.o
 .ARM.attributes
                0x000001be       0x34 xcp.o
 .ARM.attributes
                0x000001f2       0x34 xcp_standard.o
 .ARM.attributes
                0x00000226       0x34 xcp_daq.o
 .ARM.attributes
                0x0000025a       0x34 xcp_calibration.o
 .ARM.attributes
                0x0000028e       0x34 xcp_fifo.o
 .ARM.attributes
                0x000002c2       0x34 xcp_transport.o
 .ARM.attributes
                0x000002f6       0x34 xcp_mem_default.o
 .ARM.attributes
                0x0000032a       0x34 xcp_drv_rtiostream.o
 .ARM.attributes
                0x0000035e       0x34 xcp_utils.o
 .ARM.attributes
                0x00000392       0x34 xcp_frame_serial.o
 .ARM.attributes
                0x000003c6       0x34 xcp_ext_param_default_serial.o
 .ARM.attributes
                0x000003fa       0x34 overrideHALDelay.o
 .ARM.attributes
                0x0000042e       0x34 platform_timer.o
 .ARM.attributes
                0x00000462       0x34 SysTickScheduler.o
 .ARM.attributes
                0x00000496       0x34 m3m4m4f_multitasking.o
 .ARM.attributes
                0x000004ca       0x34 rtiostream_serial.o
 .ARM.attributes
                0x000004fe       0x34 stm_usart.o
 .ARM.attributes
                0x00000532       0x34 sys_arch.o
 .ARM.attributes
                0x00000566       0x34 main.o
 .ARM.attributes
                0x0000059a       0x34 stm32l4xx_it.o
 .ARM.attributes
                0x000005ce       0x34 stm32l4xx_hal_msp.o
 .ARM.attributes
                0x00000602       0x34 stm32l4xx_hal_timebase_tim.o
 .ARM.attributes
                0x00000636       0x34 stm32l4xx_ll_utils.o
 .ARM.attributes
                0x0000066a       0x34 stm32l4xx_ll_gpio.o
 .ARM.attributes
                0x0000069e       0x34 stm32l4xx_hal_tim.o
 .ARM.attributes
                0x000006d2       0x34 stm32l4xx_hal_tim_ex.o
 .ARM.attributes
                0x00000706       0x34 stm32l4xx_ll_tim.o
 .ARM.attributes
                0x0000073a       0x34 stm32l4xx_hal.o
 .ARM.attributes
                0x0000076e       0x34 stm32l4xx_hal_rcc.o
 .ARM.attributes
                0x000007a2       0x34 stm32l4xx_hal_cortex.o
 .ARM.attributes
                0x000007d6       0x34 stm32l4xx_ll_usart.o
 .ARM.attributes
                0x0000080a       0x34 stm32l4xx_ll_rcc.o
 .ARM.attributes
                0x0000083e       0x34 system_stm32l4xx.o
 .ARM.attributes
                0x00000872       0x21 startup_stm32l452retx.o
 .ARM.attributes
                0x00000893       0x34 c:/programdata/matlab/supportpackages/r2023b/3p.instrset/gnuarm-armcortex.instrset/win/bin/../lib/gcc/arm-none-eabi/11.3.1/thumb/v7e-m+fp/hard\libm.a(libm_a-w_fmod.o)
 .ARM.attributes
                0x000008c7       0x34 c:/programdata/matlab/supportpackages/r2023b/3p.instrset/gnuarm-armcortex.instrset/win/bin/../lib/gcc/arm-none-eabi/11.3.1/thumb/v7e-m+fp/hard\libm.a(libm_a-s_ceil.o)
 .ARM.attributes
                0x000008fb       0x34 c:/programdata/matlab/supportpackages/r2023b/3p.instrset/gnuarm-armcortex.instrset/win/bin/../lib/gcc/arm-none-eabi/11.3.1/thumb/v7e-m+fp/hard\libm.a(libm_a-s_floor.o)
 .ARM.attributes
                0x0000092f       0x34 c:/programdata/matlab/supportpackages/r2023b/3p.instrset/gnuarm-armcortex.instrset/win/bin/../lib/gcc/arm-none-eabi/11.3.1/thumb/v7e-m+fp/hard\libm.a(libm_a-e_fmod.o)
 .ARM.attributes
                0x00000963       0x1e c:/programdata/matlab/supportpackages/r2023b/3p.instrset/gnuarm-armcortex.instrset/win/bin/../lib/gcc/arm-none-eabi/11.3.1/thumb/v7e-m+fp/hard\libgcc.a(_arm_addsubdf3.o)
 .ARM.attributes
                0x00000981       0x1e c:/programdata/matlab/supportpackages/r2023b/3p.instrset/gnuarm-armcortex.instrset/win/bin/../lib/gcc/arm-none-eabi/11.3.1/thumb/v7e-m+fp/hard\libgcc.a(_arm_muldivdf3.o)
 .ARM.attributes
                0x0000099f       0x1e c:/programdata/matlab/supportpackages/r2023b/3p.instrset/gnuarm-armcortex.instrset/win/bin/../lib/gcc/arm-none-eabi/11.3.1/thumb/v7e-m+fp/hard\libgcc.a(_arm_cmpdf2.o)
 .ARM.attributes
                0x000009bd       0x1e c:/programdata/matlab/supportpackages/r2023b/3p.instrset/gnuarm-armcortex.instrset/win/bin/../lib/gcc/arm-none-eabi/11.3.1/thumb/v7e-m+fp/hard\libgcc.a(_arm_unorddf2.o)
 .ARM.attributes
                0x000009db       0x1e c:/programdata/matlab/supportpackages/r2023b/3p.instrset/gnuarm-armcortex.instrset/win/bin/../lib/gcc/arm-none-eabi/11.3.1/thumb/v7e-m+fp/hard\libgcc.a(_arm_fixunsdfsi.o)
 .ARM.attributes
                0x000009f9       0x1e c:/programdata/matlab/supportpackages/r2023b/3p.instrset/gnuarm-armcortex.instrset/win/bin/../lib/gcc/arm-none-eabi/11.3.1/thumb/v7e-m+fp/hard\libgcc.a(_arm_truncdfsf2.o)
 .ARM.attributes
                0x00000a17       0x34 c:/programdata/matlab/supportpackages/r2023b/3p.instrset/gnuarm-armcortex.instrset/win/bin/../lib/gcc/arm-none-eabi/11.3.1/thumb/v7e-m+fp/hard\libg_nano.a(libc_a-findfp.o)
 .ARM.attributes
                0x00000a4b       0x34 c:/programdata/matlab/supportpackages/r2023b/3p.instrset/gnuarm-armcortex.instrset/win/bin/../lib/gcc/arm-none-eabi/11.3.1/thumb/v7e-m+fp/hard\libg_nano.a(libc_a-memset.o)
 .ARM.attributes
                0x00000a7f       0x34 c:/programdata/matlab/supportpackages/r2023b/3p.instrset/gnuarm-armcortex.instrset/win/bin/../lib/gcc/arm-none-eabi/11.3.1/thumb/v7e-m+fp/hard\libg_nano.a(libc_a-impure.o)
 .ARM.attributes
                0x00000ab3       0x34 c:/programdata/matlab/supportpackages/r2023b/3p.instrset/gnuarm-armcortex.instrset/win/bin/../lib/gcc/arm-none-eabi/11.3.1/thumb/v7e-m+fp/hard\libg_nano.a(libc_a-errno.o)
 .ARM.attributes
                0x00000ae7       0x34 c:/programdata/matlab/supportpackages/r2023b/3p.instrset/gnuarm-armcortex.instrset/win/bin/../lib/gcc/arm-none-eabi/11.3.1/thumb/v7e-m+fp/hard\libg_nano.a(libc_a-init.o)
 .ARM.attributes
                0x00000b1b       0x34 c:/programdata/matlab/supportpackages/r2023b/3p.instrset/gnuarm-armcortex.instrset/win/bin/../lib/gcc/arm-none-eabi/11.3.1/thumb/v7e-m+fp/hard\libg_nano.a(libc_a-memcpy-stub.o)
 .ARM.attributes
                0x00000b4f       0x34 c:/programdata/matlab/supportpackages/r2023b/3p.instrset/gnuarm-armcortex.instrset/win/bin/../lib/gcc/arm-none-eabi/11.3.1/thumb/v7e-m+fp/hard/crtend.o
 .ARM.attributes
                0x00000b83       0x1e c:/programdata/matlab/supportpackages/r2023b/3p.instrset/gnuarm-armcortex.instrset/win/bin/../lib/gcc/arm-none-eabi/11.3.1/thumb/v7e-m+fp/hard/crtn.o
OUTPUT(../Narnia_PIL.elf elf32-littlearm)
LOAD linker stubs
LOAD c:/programdata/matlab/supportpackages/r2023b/3p.instrset/gnuarm-armcortex.instrset/win/bin/../lib/gcc/arm-none-eabi/11.3.1/thumb/v7e-m+fp/hard\libc.a
LOAD c:/programdata/matlab/supportpackages/r2023b/3p.instrset/gnuarm-armcortex.instrset/win/bin/../lib/gcc/arm-none-eabi/11.3.1/thumb/v7e-m+fp/hard\libm.a
LOAD c:/programdata/matlab/supportpackages/r2023b/3p.instrset/gnuarm-armcortex.instrset/win/bin/../lib/gcc/arm-none-eabi/11.3.1/thumb/v7e-m+fp/hard\libgcc.a

.comment        0x00000000       0x33
 .comment       0x00000000       0x33 c:/programdata/matlab/supportpackages/r2023b/3p.instrset/gnuarm-armcortex.instrset/win/bin/../lib/gcc/arm-none-eabi/11.3.1/thumb/v7e-m+fp/hard/crtbegin.o
                                 0x34 (size before relaxing)
 .comment       0x00000033       0x34 stm_timer_ll.o
 .comment       0x00000033       0x34 xcp_ext_mode.o
 .comment       0x00000033       0x34 Narnia_PIL.o
 .comment       0x00000033       0x34 Narnia_PIL_data.o